2026-09-24T08:31:55.491856+00:00 preflight identity accepted_base=3ba38c2e309673b698f9882499cedd402916c189 implementation=59ed20b06ba5ffa396605a450d245aa0d6515e3e
.....................................................
----------------------------------------------------------------------
Ran 53 tests in 0.114s

OK
2026-09-24T08:31:59.029579+00:00 focused/base tests PASS
2026-09-24T08:31:59.029993+00:00 mpx_001 START decisions=35
2026-09-24T08:32:19.362925+00:00 mpx_001 COMPLETE source=16/35
2026-09-24T08:32:19.362946+00:00 mpx_001 automatic smoke gate PASS
2026-09-24T08:32:19.363234+00:00 mpx_002 START decisions=37
2026-09-24T08:32:49.735333+00:00 mpx_002 COMPLETE source=23/37
2026-09-24T08:32:49.735655+00:00 mpx_003 START decisions=41
2026-09-24T08:33:19.620664+00:00 mpx_003 COMPLETE source=23/41
2026-09-24T08:33:19.621004+00:00 mpx_004 START decisions=36
2026-09-24T08:33:43.824620+00:00 mpx_004 COMPLETE source=19/36
2026-09-24T08:33:43.824966+00:00 mpx_005 START decisions=34
2026-09-24T08:34:12.128972+00:00 mpx_005 COMPLETE source=22/34
2026-09-24T08:34:12.129275+00:00 mpx_006 START decisions=36
2026-09-24T08:34:41.587545+00:00 mpx_006 COMPLETE source=23/36
2026-09-24T08:34:41.587900+00:00 mpx_007 START decisions=35
2026-09-24T08:35:06.543528+00:00 mpx_007 COMPLETE source=20/35
2026-09-24T08:35:06.543929+00:00 mpx_008 START decisions=35
2026-09-24T08:35:31.580477+00:00 mpx_008 COMPLETE source=20/35
2026-09-24T08:35:31.580824+00:00 mpx_009 START decisions=36
2026-09-24T08:36:02.902518+00:00 mpx_009 COMPLETE source=25/36
2026-09-24T08:36:02.902900+00:00 mpx_010 START decisions=40
2026-09-24T08:36:39.118043+00:00 mpx_010 COMPLETE source=29/40
2026-09-24T08:36:39.667911+00:00 batch COMPLETE
