2026-09-25T01:08:55.999185+00:00 PREFLIGHT_OK rows=365 input=993bf0a0e9f1aabfd240778aadd9f6cb34583059ba360cea68fefef97ea2660a implementation=e82c997c8fa51e6baa28f46d8c49328160634e7aa72b32b7bd25e33d8fb23a40
2026-09-25T01:09:00.248254+00:00 TESTS_OK
2026-09-25T01:09:00.592105+00:00 FOLD_COMPLETE mpx_001 selected=U_p95 status=SELECTED
2026-09-25T01:09:00.605608+00:00 PARTIAL completed=1
2026-09-25T01:09:01.810448+00:00 PREFLIGHT_OK rows=365 input=993bf0a0e9f1aabfd240778aadd9f6cb34583059ba360cea68fefef97ea2660a implementation=e82c997c8fa51e6baa28f46d8c49328160634e7aa72b32b7bd25e33d8fb23a40
2026-09-25T01:09:06.025025+00:00 TESTS_OK
2026-09-25T01:09:06.025461+00:00 FOLD_VALIDATED_SKIP mpx_001
2026-09-25T01:09:06.372186+00:00 FOLD_COMPLETE mpx_002 selected=U_p95 status=SELECTED
2026-09-25T01:09:06.721910+00:00 FOLD_COMPLETE mpx_003 selected=U_p95 status=SELECTED
2026-09-25T01:09:07.066540+00:00 FOLD_COMPLETE mpx_004 selected=U_p95 status=SELECTED
2026-09-25T01:09:07.416834+00:00 FOLD_COMPLETE mpx_005 selected=U_p95 status=SELECTED
2026-09-25T01:09:07.770744+00:00 FOLD_COMPLETE mpx_006 selected=U_p95 status=SELECTED
2026-09-25T01:09:08.124084+00:00 FOLD_COMPLETE mpx_007 selected=U_p95 status=SELECTED
2026-09-25T01:09:08.480174+00:00 FOLD_COMPLETE mpx_008 selected=U_p95 status=SELECTED
2026-09-25T01:09:08.817967+00:00 FOLD_COMPLETE mpx_009 selected=U_p95 status=SELECTED
2026-09-25T01:09:09.160420+00:00 FOLD_COMPLETE mpx_010 selected=U_p95 status=SELECTED
2026-09-25T01:09:09.445257+00:00 FINAL_COMPLETE outcome=FAIL
2026-09-25T01:09:55.315533+00:00 PREFLIGHT_OK rows=365 input=993bf0a0e9f1aabfd240778aadd9f6cb34583059ba360cea68fefef97ea2660a implementation=e82c997c8fa51e6baa28f46d8c49328160634e7aa72b32b7bd25e33d8fb23a40
2026-09-25T01:09:55.316127+00:00 FOLD_VALIDATED_SKIP mpx_001
2026-09-25T01:09:55.316579+00:00 FOLD_VALIDATED_SKIP mpx_002
2026-09-25T01:09:55.316905+00:00 FOLD_VALIDATED_SKIP mpx_003
2026-09-25T01:09:55.317280+00:00 FOLD_VALIDATED_SKIP mpx_004
2026-09-25T01:09:55.317722+00:00 FOLD_VALIDATED_SKIP mpx_005
2026-09-25T01:09:55.318172+00:00 FOLD_VALIDATED_SKIP mpx_006
2026-09-25T01:09:55.318482+00:00 FOLD_VALIDATED_SKIP mpx_007
2026-09-25T01:09:55.318742+00:00 FOLD_VALIDATED_SKIP mpx_008
2026-09-25T01:09:55.319014+00:00 FOLD_VALIDATED_SKIP mpx_009
2026-09-25T01:09:55.319262+00:00 FOLD_VALIDATED_SKIP mpx_010
2026-09-25T01:09:55.610493+00:00 FINAL_COMPLETE outcome=FAIL
