layout=49001 run=1 seed=960057065
[1;32m[Msg] [0m[1;32mGazebo Sim Server v[0m[1;32m8.11.0[0m[1;32m[0m
[1;32m[Msg] [0m[1;32mSetting seed value: [0m[1;32m960057065[0m[1;32m[0m
[1;32m[Msg] [0m[1;32mLoading SDF world file[[0m[1;32m/home/dell/turtlebot4_project_mx050/mapex_lab/analysis/mx049_preflight_results/mx049_seed_probe.sdf[0m[1;32m].[0m
[1;32m[Msg] [0m[1;32mServing entity system service on [[0m[1;32m/[0m[1;32mentity/system/add[0m[1;32m][0m[1;32m[0m
[1;36m[Dbg] [Physics.cc:906] [0m[1;36mLoaded [[0m[1;36mgz::physics::dartsim::Plugin[0m[1;36m] from library [[0m[1;36m/opt/ros/jazzy/opt/gz_physics_vendor/lib/gz-physics-7/engine-plugins/libgz-physics-dartsim-plugin.so[0m[1;36m][0m[1;36m[0m
[1;36m[Dbg] [SystemManager.cc:80] [0m[1;36mLoaded system [[0m[1;36mgz::sim::systems::Physics[0m[1;36m] for entity [[0m[1;36m1[0m[1;36m][0m[1;36m[0m
[1;32m[Msg] [0m[1;32mLoaded level [[0m[1;32mdefault[0m[1;32m][0m[1;32m[0m
[1;32m[Msg] [0m[1;32mServing world controls on [[0m[1;32m/world/seed_probe[0m[1;32m/control], [[0m[1;32m/world/seed_probe[0m[1;32m/control/state] and [[0m[1;32m/world/seed_probe[0m[1;32m/playback/control][0m[1;32m[0m
[1;32m[Msg] [0m[1;32mServing GUI information on [[0m[1;32m/world/seed_probe[0m[1;32m/[0m[1;32mgui/info[0m[1;32m][0m[1;32m[0m
[1;32m[Msg] [0m[1;32mWorld [[0m[1;32mseed_probe[0m[1;32m] initialized with [[0m[1;32mdefault[0m[1;32m] physics profile.[0m[1;32m[0m
[1;32m[Msg] [0m[1;32mServing world SDF generation service on [[0m[1;32m/world/seed_probe[0m[1;32m/[0m[1;32mgenerate_world_sdf[0m[1;32m][0m[1;32m[0m
[1;32m[Msg] [0m[1;32mServing world names on [[0m[1;32m/gazebo/worlds[0m[1;32m][0m[1;32m[0m
[1;32m[Msg] [0m[1;32mResource path add service on [[0m[1;32m/gazebo/resource_paths/add[0m[1;32m].[0m[1;32m[0m
[1;32m[Msg] [0m[1;32mResource path get service on [[0m[1;32m/gazebo/resource_paths/get[0m[1;32m].[0m[1;32m[0m
[1;32m[Msg] [0m[1;32mResource path resolve service on [[0m[1;32m/gazebo/resource_paths/resolve[0m[1;32m].[0m[1;32m[0m
[1;32m[Msg] [0m[1;32mResource paths published on [[0m[1;32m/gazebo/resource_paths[0m[1;32m].[0m[1;32m[0m
[1;32m[Msg] [0m[1;32mServer control service on [[0m[1;32m/server_control[0m[1;32m].[0m[1;32m[0m
[1;32m[Msg] [0m[1;32mFound no publishers on /stats, adding root stats topic[0m[1;32m[0m
[1;32m[Msg] [0m[1;32mFound no publishers on /clock, adding root clock topic[0m[1;32m[0m
[1;36m[Dbg] [SimulationRunner.cc:551] [0m[1;36mCreating PostUpdate worker threads: [0m[1;36m1[0m[1;36m[0m
[1;36m[Dbg] [gz.cc:434] [0m[1;36mShutting down gz-sim-server[0m[1;36m[0m


layout=49001 run=2 seed=630867375
[1;32m[Msg] [0m[1;32mGazebo Sim Server v[0m[1;32m8.11.0[0m[1;32m[0m
[1;32m[Msg] [0m[1;32mSetting seed value: [0m[1;32m630867375[0m[1;32m[0m
[1;32m[Msg] [0m[1;32mLoading SDF world file[[0m[1;32m/home/dell/turtlebot4_project_mx050/mapex_lab/analysis/mx049_preflight_results/mx049_seed_probe.sdf[0m[1;32m].[0m
[1;32m[Msg] [0m[1;32mServing entity system service on [[0m[1;32m/[0m[1;32mentity/system/add[0m[1;32m][0m[1;32m[0m
[1;36m[Dbg] [Physics.cc:906] [0m[1;36mLoaded [[0m[1;36mgz::physics::dartsim::Plugin[0m[1;36m] from library [[0m[1;36m/opt/ros/jazzy/opt/gz_physics_vendor/lib/gz-physics-7/engine-plugins/libgz-physics-dartsim-plugin.so[0m[1;36m][0m[1;36m[0m
[1;36m[Dbg] [SystemManager.cc:80] [0m[1;36mLoaded system [[0m[1;36mgz::sim::systems::Physics[0m[1;36m] for entity [[0m[1;36m1[0m[1;36m][0m[1;36m[0m
[1;32m[Msg] [0m[1;32mLoaded level [[0m[1;32mdefault[0m[1;32m][0m[1;32m[0m
[1;32m[Msg] [0m[1;32mServing world controls on [[0m[1;32m/world/seed_probe[0m[1;32m/control], [[0m[1;32m/world/seed_probe[0m[1;32m/control/state] and [[0m[1;32m/world/seed_probe[0m[1;32m/playback/control][0m[1;32m[0m
[1;32m[Msg] [0m[1;32mServing GUI information on [[0m[1;32m/world/seed_probe[0m[1;32m/[0m[1;32mgui/info[0m[1;32m][0m[1;32m[0m
[1;32m[Msg] [0m[1;32mWorld [[0m[1;32mseed_probe[0m[1;32m] initialized with [[0m[1;32mdefault[0m[1;32m] physics profile.[0m[1;32m[0m
[1;32m[Msg] [0m[1;32mServing world SDF generation service on [[0m[1;32m/world/seed_probe[0m[1;32m/[0m[1;32mgenerate_world_sdf[0m[1;32m][0m[1;32m[0m
[1;32m[Msg] [0m[1;32mServing world names on [[0m[1;32m/gazebo/worlds[0m[1;32m][0m[1;32m[0m
[1;32m[Msg] [0m[1;32mResource path add service on [[0m[1;32m/gazebo/resource_paths/add[0m[1;32m].[0m[1;32m[0m
[1;32m[Msg] [0m[1;32mResource path get service on [[0m[1;32m/gazebo/resource_paths/get[0m[1;32m].[0m[1;32m[0m
[1;32m[Msg] [0m[1;32mResource path resolve service on [[0m[1;32m/gazebo/resource_paths/resolve[0m[1;32m].[0m[1;32m[0m
[1;32m[Msg] [0m[1;32mResource paths published on [[0m[1;32m/gazebo/resource_paths[0m[1;32m].[0m[1;32m[0m
[1;32m[Msg] [0m[1;32mServer control service on [[0m[1;32m/server_control[0m[1;32m].[0m[1;32m[0m
[1;32m[Msg] [0m[1;32mFound no publishers on /stats, adding root stats topic[0m[1;32m[0m
[1;32m[Msg] [0m[1;32mFound no publishers on /clock, adding root clock topic[0m[1;32m[0m
[1;36m[Dbg] [SimulationRunner.cc:551] [0m[1;36mCreating PostUpdate worker threads: [0m[1;36m1[0m[1;36m[0m
[1;36m[Dbg] [gz.cc:434] [0m[1;36mShutting down gz-sim-server[0m[1;36m[0m


layout=49002 run=1 seed=1863262957
[1;32m[Msg] [0m[1;32mGazebo Sim Server v[0m[1;32m8.11.0[0m[1;32m[0m
[1;32m[Msg] [0m[1;32mSetting seed value: [0m[1;32m1863262957[0m[1;32m[0m
[1;32m[Msg] [0m[1;32mLoading SDF world file[[0m[1;32m/home/dell/turtlebot4_project_mx050/mapex_lab/analysis/mx049_preflight_results/mx049_seed_probe.sdf[0m[1;32m].[0m
[1;32m[Msg] [0m[1;32mServing entity system service on [[0m[1;32m/[0m[1;32mentity/system/add[0m[1;32m][0m[1;32m[0m
[1;36m[Dbg] [Physics.cc:906] [0m[1;36mLoaded [[0m[1;36mgz::physics::dartsim::Plugin[0m[1;36m] from library [[0m[1;36m/opt/ros/jazzy/opt/gz_physics_vendor/lib/gz-physics-7/engine-plugins/libgz-physics-dartsim-plugin.so[0m[1;36m][0m[1;36m[0m
[1;36m[Dbg] [SystemManager.cc:80] [0m[1;36mLoaded system [[0m[1;36mgz::sim::systems::Physics[0m[1;36m] for entity [[0m[1;36m1[0m[1;36m][0m[1;36m[0m
[1;32m[Msg] [0m[1;32mLoaded level [[0m[1;32mdefault[0m[1;32m][0m[1;32m[0m
[1;32m[Msg] [0m[1;32mServing world controls on [[0m[1;32m/world/seed_probe[0m[1;32m/control], [[0m[1;32m/world/seed_probe[0m[1;32m/control/state] and [[0m[1;32m/world/seed_probe[0m[1;32m/playback/control][0m[1;32m[0m
[1;32m[Msg] [0m[1;32mServing GUI information on [[0m[1;32m/world/seed_probe[0m[1;32m/[0m[1;32mgui/info[0m[1;32m][0m[1;32m[0m
[1;32m[Msg] [0m[1;32mWorld [[0m[1;32mseed_probe[0m[1;32m] initialized with [[0m[1;32mdefault[0m[1;32m] physics profile.[0m[1;32m[0m
[1;32m[Msg] [0m[1;32mServing world SDF generation service on [[0m[1;32m/world/seed_probe[0m[1;32m/[0m[1;32mgenerate_world_sdf[0m[1;32m][0m[1;32m[0m
[1;32m[Msg] [0m[1;32mServing world names on [[0m[1;32m/gazebo/worlds[0m[1;32m][0m[1;32m[0m
[1;32m[Msg] [0m[1;32mResource path add service on [[0m[1;32m/gazebo/resource_paths/add[0m[1;32m].[0m[1;32m[0m
[1;32m[Msg] [0m[1;32mResource path get service on [[0m[1;32m/gazebo/resource_paths/get[0m[1;32m].[0m[1;32m[0m
[1;32m[Msg] [0m[1;32mResource path resolve service on [[0m[1;32m/gazebo/resource_paths/resolve[0m[1;32m].[0m[1;32m[0m
[1;32m[Msg] [0m[1;32mResource paths published on [[0m[1;32m/gazebo/resource_paths[0m[1;32m].[0m[1;32m[0m
[1;32m[Msg] [0m[1;32mServer control service on [[0m[1;32m/server_control[0m[1;32m].[0m[1;32m[0m
[1;32m[Msg] [0m[1;32mFound no publishers on /stats, adding root stats topic[0m[1;32m[0m
[1;32m[Msg] [0m[1;32mFound no publishers on /clock, adding root clock topic[0m[1;32m[0m
[1;36m[Dbg] [SimulationRunner.cc:551] [0m[1;36mCreating PostUpdate worker threads: [0m[1;36m1[0m[1;36m[0m
[1;36m[Dbg] [gz.cc:434] [0m[1;36mShutting down gz-sim-server[0m[1;36m[0m


layout=49002 run=2 seed=329397824
[1;32m[Msg] [0m[1;32mGazebo Sim Server v[0m[1;32m8.11.0[0m[1;32m[0m
[1;32m[Msg] [0m[1;32mSetting seed value: [0m[1;32m329397824[0m[1;32m[0m
[1;32m[Msg] [0m[1;32mLoading SDF world file[[0m[1;32m/home/dell/turtlebot4_project_mx050/mapex_lab/analysis/mx049_preflight_results/mx049_seed_probe.sdf[0m[1;32m].[0m
[1;32m[Msg] [0m[1;32mServing entity system service on [[0m[1;32m/[0m[1;32mentity/system/add[0m[1;32m][0m[1;32m[0m
[1;36m[Dbg] [Physics.cc:906] [0m[1;36mLoaded [[0m[1;36mgz::physics::dartsim::Plugin[0m[1;36m] from library [[0m[1;36m/opt/ros/jazzy/opt/gz_physics_vendor/lib/gz-physics-7/engine-plugins/libgz-physics-dartsim-plugin.so[0m[1;36m][0m[1;36m[0m
[1;36m[Dbg] [SystemManager.cc:80] [0m[1;36mLoaded system [[0m[1;36mgz::sim::systems::Physics[0m[1;36m] for entity [[0m[1;36m1[0m[1;36m][0m[1;36m[0m
[1;32m[Msg] [0m[1;32mLoaded level [[0m[1;32mdefault[0m[1;32m][0m[1;32m[0m
[1;32m[Msg] [0m[1;32mServing world controls on [[0m[1;32m/world/seed_probe[0m[1;32m/control], [[0m[1;32m/world/seed_probe[0m[1;32m/control/state] and [[0m[1;32m/world/seed_probe[0m[1;32m/playback/control][0m[1;32m[0m
[1;32m[Msg] [0m[1;32mServing GUI information on [[0m[1;32m/world/seed_probe[0m[1;32m/[0m[1;32mgui/info[0m[1;32m][0m[1;32m[0m
[1;32m[Msg] [0m[1;32mWorld [[0m[1;32mseed_probe[0m[1;32m] initialized with [[0m[1;32mdefault[0m[1;32m] physics profile.[0m[1;32m[0m
[1;32m[Msg] [0m[1;32mServing world SDF generation service on [[0m[1;32m/world/seed_probe[0m[1;32m/[0m[1;32mgenerate_world_sdf[0m[1;32m][0m[1;32m[0m
[1;32m[Msg] [0m[1;32mServing world names on [[0m[1;32m/gazebo/worlds[0m[1;32m][0m[1;32m[0m
[1;32m[Msg] [0m[1;32mResource path add service on [[0m[1;32m/gazebo/resource_paths/add[0m[1;32m].[0m[1;32m[0m
[1;32m[Msg] [0m[1;32mResource path get service on [[0m[1;32m/gazebo/resource_paths/get[0m[1;32m].[0m[1;32m[0m
[1;32m[Msg] [0m[1;32mResource path resolve service on [[0m[1;32m/gazebo/resource_paths/resolve[0m[1;32m].[0m[1;32m[0m
[1;32m[Msg] [0m[1;32mResource paths published on [[0m[1;32m/gazebo/resource_paths[0m[1;32m].[0m[1;32m[0m
[1;32m[Msg] [0m[1;32mServer control service on [[0m[1;32m/server_control[0m[1;32m].[0m[1;32m[0m
[1;32m[Msg] [0m[1;32mFound no publishers on /stats, adding root stats topic[0m[1;32m[0m
[1;32m[Msg] [0m[1;32mFound no publishers on /clock, adding root clock topic[0m[1;32m[0m
[1;36m[Dbg] [SimulationRunner.cc:551] [0m[1;36mCreating PostUpdate worker threads: [0m[1;36m1[0m[1;36m[0m
[1;36m[Dbg] [gz.cc:434] [0m[1;36mShutting down gz-sim-server[0m[1;36m[0m


layout=49003 run=1 seed=1601982826
[1;32m[Msg] [0m[1;32mGazebo Sim Server v[0m[1;32m8.11.0[0m[1;32m[0m
[1;32m[Msg] [0m[1;32mSetting seed value: [0m[1;32m1601982826[0m[1;32m[0m
[1;32m[Msg] [0m[1;32mLoading SDF world file[[0m[1;32m/home/dell/turtlebot4_project_mx050/mapex_lab/analysis/mx049_preflight_results/mx049_seed_probe.sdf[0m[1;32m].[0m
[1;32m[Msg] [0m[1;32mServing entity system service on [[0m[1;32m/[0m[1;32mentity/system/add[0m[1;32m][0m[1;32m[0m
[1;36m[Dbg] [Physics.cc:906] [0m[1;36mLoaded [[0m[1;36mgz::physics::dartsim::Plugin[0m[1;36m] from library [[0m[1;36m/opt/ros/jazzy/opt/gz_physics_vendor/lib/gz-physics-7/engine-plugins/libgz-physics-dartsim-plugin.so[0m[1;36m][0m[1;36m[0m
[1;36m[Dbg] [SystemManager.cc:80] [0m[1;36mLoaded system [[0m[1;36mgz::sim::systems::Physics[0m[1;36m] for entity [[0m[1;36m1[0m[1;36m][0m[1;36m[0m
[1;32m[Msg] [0m[1;32mLoaded level [[0m[1;32mdefault[0m[1;32m][0m[1;32m[0m
[1;32m[Msg] [0m[1;32mServing world controls on [[0m[1;32m/world/seed_probe[0m[1;32m/control], [[0m[1;32m/world/seed_probe[0m[1;32m/control/state] and [[0m[1;32m/world/seed_probe[0m[1;32m/playback/control][0m[1;32m[0m
[1;32m[Msg] [0m[1;32mServing GUI information on [[0m[1;32m/world/seed_probe[0m[1;32m/[0m[1;32mgui/info[0m[1;32m][0m[1;32m[0m
[1;32m[Msg] [0m[1;32mWorld [[0m[1;32mseed_probe[0m[1;32m] initialized with [[0m[1;32mdefault[0m[1;32m] physics profile.[0m[1;32m[0m
[1;32m[Msg] [0m[1;32mServing world SDF generation service on [[0m[1;32m/world/seed_probe[0m[1;32m/[0m[1;32mgenerate_world_sdf[0m[1;32m][0m[1;32m[0m
[1;32m[Msg] [0m[1;32mServing world names on [[0m[1;32m/gazebo/worlds[0m[1;32m][0m[1;32m[0m
[1;32m[Msg] [0m[1;32mResource path add service on [[0m[1;32m/gazebo/resource_paths/add[0m[1;32m].[0m[1;32m[0m
[1;32m[Msg] [0m[1;32mResource path get service on [[0m[1;32m/gazebo/resource_paths/get[0m[1;32m].[0m[1;32m[0m
[1;32m[Msg] [0m[1;32mResource path resolve service on [[0m[1;32m/gazebo/resource_paths/resolve[0m[1;32m].[0m[1;32m[0m
[1;32m[Msg] [0m[1;32mResource paths published on [[0m[1;32m/gazebo/resource_paths[0m[1;32m].[0m[1;32m[0m
[1;32m[Msg] [0m[1;32mServer control service on [[0m[1;32m/server_control[0m[1;32m].[0m[1;32m[0m
[1;32m[Msg] [0m[1;32mFound no publishers on /stats, adding root stats topic[0m[1;32m[0m
[1;32m[Msg] [0m[1;32mFound no publishers on /clock, adding root clock topic[0m[1;32m[0m
[1;36m[Dbg] [SimulationRunner.cc:551] [0m[1;36mCreating PostUpdate worker threads: [0m[1;36m1[0m[1;36m[0m
[1;36m[Dbg] [gz.cc:434] [0m[1;36mShutting down gz-sim-server[0m[1;36m[0m


layout=49003 run=2 seed=1342103693
[1;32m[Msg] [0m[1;32mGazebo Sim Server v[0m[1;32m8.11.0[0m[1;32m[0m
[1;32m[Msg] [0m[1;32mSetting seed value: [0m[1;32m1342103693[0m[1;32m[0m
[1;32m[Msg] [0m[1;32mLoading SDF world file[[0m[1;32m/home/dell/turtlebot4_project_mx050/mapex_lab/analysis/mx049_preflight_results/mx049_seed_probe.sdf[0m[1;32m].[0m
[1;32m[Msg] [0m[1;32mServing entity system service on [[0m[1;32m/[0m[1;32mentity/system/add[0m[1;32m][0m[1;32m[0m
[1;36m[Dbg] [Physics.cc:906] [0m[1;36mLoaded [[0m[1;36mgz::physics::dartsim::Plugin[0m[1;36m] from library [[0m[1;36m/opt/ros/jazzy/opt/gz_physics_vendor/lib/gz-physics-7/engine-plugins/libgz-physics-dartsim-plugin.so[0m[1;36m][0m[1;36m[0m
[1;36m[Dbg] [SystemManager.cc:80] [0m[1;36mLoaded system [[0m[1;36mgz::sim::systems::Physics[0m[1;36m] for entity [[0m[1;36m1[0m[1;36m][0m[1;36m[0m
[1;32m[Msg] [0m[1;32mLoaded level [[0m[1;32mdefault[0m[1;32m][0m[1;32m[0m
[1;32m[Msg] [0m[1;32mServing world controls on [[0m[1;32m/world/seed_probe[0m[1;32m/control], [[0m[1;32m/world/seed_probe[0m[1;32m/control/state] and [[0m[1;32m/world/seed_probe[0m[1;32m/playback/control][0m[1;32m[0m
[1;32m[Msg] [0m[1;32mServing GUI information on [[0m[1;32m/world/seed_probe[0m[1;32m/[0m[1;32mgui/info[0m[1;32m][0m[1;32m[0m
[1;32m[Msg] [0m[1;32mWorld [[0m[1;32mseed_probe[0m[1;32m] initialized with [[0m[1;32mdefault[0m[1;32m] physics profile.[0m[1;32m[0m
[1;32m[Msg] [0m[1;32mServing world SDF generation service on [[0m[1;32m/world/seed_probe[0m[1;32m/[0m[1;32mgenerate_world_sdf[0m[1;32m][0m[1;32m[0m
[1;32m[Msg] [0m[1;32mServing world names on [[0m[1;32m/gazebo/worlds[0m[1;32m][0m[1;32m[0m
[1;32m[Msg] [0m[1;32mResource path add service on [[0m[1;32m/gazebo/resource_paths/add[0m[1;32m].[0m[1;32m[0m
[1;32m[Msg] [0m[1;32mResource path get service on [[0m[1;32m/gazebo/resource_paths/get[0m[1;32m].[0m[1;32m[0m
[1;32m[Msg] [0m[1;32mResource path resolve service on [[0m[1;32m/gazebo/resource_paths/resolve[0m[1;32m].[0m[1;32m[0m
[1;32m[Msg] [0m[1;32mResource paths published on [[0m[1;32m/gazebo/resource_paths[0m[1;32m].[0m[1;32m[0m
[1;32m[Msg] [0m[1;32mServer control service on [[0m[1;32m/server_control[0m[1;32m].[0m[1;32m[0m
[1;32m[Msg] [0m[1;32mFound no publishers on /stats, adding root stats topic[0m[1;32m[0m
[1;32m[Msg] [0m[1;32mFound no publishers on /clock, adding root clock topic[0m[1;32m[0m
[1;36m[Dbg] [SimulationRunner.cc:551] [0m[1;36mCreating PostUpdate worker threads: [0m[1;36m1[0m[1;36m[0m
[1;36m[Dbg] [gz.cc:434] [0m[1;36mShutting down gz-sim-server[0m[1;36m[0m


layout=49004 run=1 seed=419379748
[1;32m[Msg] [0m[1;32mGazebo Sim Server v[0m[1;32m8.11.0[0m[1;32m[0m
[1;32m[Msg] [0m[1;32mSetting seed value: [0m[1;32m419379748[0m[1;32m[0m
[1;32m[Msg] [0m[1;32mLoading SDF world file[[0m[1;32m/home/dell/turtlebot4_project_mx050/mapex_lab/analysis/mx049_preflight_results/mx049_seed_probe.sdf[0m[1;32m].[0m
[1;32m[Msg] [0m[1;32mServing entity system service on [[0m[1;32m/[0m[1;32mentity/system/add[0m[1;32m][0m[1;32m[0m
[1;36m[Dbg] [Physics.cc:906] [0m[1;36mLoaded [[0m[1;36mgz::physics::dartsim::Plugin[0m[1;36m] from library [[0m[1;36m/opt/ros/jazzy/opt/gz_physics_vendor/lib/gz-physics-7/engine-plugins/libgz-physics-dartsim-plugin.so[0m[1;36m][0m[1;36m[0m
[1;36m[Dbg] [SystemManager.cc:80] [0m[1;36mLoaded system [[0m[1;36mgz::sim::systems::Physics[0m[1;36m] for entity [[0m[1;36m1[0m[1;36m][0m[1;36m[0m
[1;32m[Msg] [0m[1;32mLoaded level [[0m[1;32mdefault[0m[1;32m][0m[1;32m[0m
[1;32m[Msg] [0m[1;32mServing world controls on [[0m[1;32m/world/seed_probe[0m[1;32m/control], [[0m[1;32m/world/seed_probe[0m[1;32m/control/state] and [[0m[1;32m/world/seed_probe[0m[1;32m/playback/control][0m[1;32m[0m
[1;32m[Msg] [0m[1;32mServing GUI information on [[0m[1;32m/world/seed_probe[0m[1;32m/[0m[1;32mgui/info[0m[1;32m][0m[1;32m[0m
[1;32m[Msg] [0m[1;32mWorld [[0m[1;32mseed_probe[0m[1;32m] initialized with [[0m[1;32mdefault[0m[1;32m] physics profile.[0m[1;32m[0m
[1;32m[Msg] [0m[1;32mServing world SDF generation service on [[0m[1;32m/world/seed_probe[0m[1;32m/[0m[1;32mgenerate_world_sdf[0m[1;32m][0m[1;32m[0m
[1;32m[Msg] [0m[1;32mServing world names on [[0m[1;32m/gazebo/worlds[0m[1;32m][0m[1;32m[0m
[1;32m[Msg] [0m[1;32mResource path add service on [[0m[1;32m/gazebo/resource_paths/add[0m[1;32m].[0m[1;32m[0m
[1;32m[Msg] [0m[1;32mResource path get service on [[0m[1;32m/gazebo/resource_paths/get[0m[1;32m].[0m[1;32m[0m
[1;32m[Msg] [0m[1;32mResource path resolve service on [[0m[1;32m/gazebo/resource_paths/resolve[0m[1;32m].[0m[1;32m[0m
[1;32m[Msg] [0m[1;32mResource paths published on [[0m[1;32m/gazebo/resource_paths[0m[1;32m].[0m[1;32m[0m
[1;32m[Msg] [0m[1;32mServer control service on [[0m[1;32m/server_control[0m[1;32m].[0m[1;32m[0m
[1;32m[Msg] [0m[1;32mFound no publishers on /stats, adding root stats topic[0m[1;32m[0m
[1;32m[Msg] [0m[1;32mFound no publishers on /clock, adding root clock topic[0m[1;32m[0m
[1;36m[Dbg] [SimulationRunner.cc:551] [0m[1;36mCreating PostUpdate worker threads: [0m[1;36m1[0m[1;36m[0m
[1;36m[Dbg] [gz.cc:434] [0m[1;36mShutting down gz-sim-server[0m[1;36m[0m


layout=49004 run=2 seed=786582979
[1;32m[Msg] [0m[1;32mGazebo Sim Server v[0m[1;32m8.11.0[0m[1;32m[0m
[1;32m[Msg] [0m[1;32mSetting seed value: [0m[1;32m786582979[0m[1;32m[0m
[1;32m[Msg] [0m[1;32mLoading SDF world file[[0m[1;32m/home/dell/turtlebot4_project_mx050/mapex_lab/analysis/mx049_preflight_results/mx049_seed_probe.sdf[0m[1;32m].[0m
[1;32m[Msg] [0m[1;32mServing entity system service on [[0m[1;32m/[0m[1;32mentity/system/add[0m[1;32m][0m[1;32m[0m
[1;36m[Dbg] [Physics.cc:906] [0m[1;36mLoaded [[0m[1;36mgz::physics::dartsim::Plugin[0m[1;36m] from library [[0m[1;36m/opt/ros/jazzy/opt/gz_physics_vendor/lib/gz-physics-7/engine-plugins/libgz-physics-dartsim-plugin.so[0m[1;36m][0m[1;36m[0m
[1;36m[Dbg] [SystemManager.cc:80] [0m[1;36mLoaded system [[0m[1;36mgz::sim::systems::Physics[0m[1;36m] for entity [[0m[1;36m1[0m[1;36m][0m[1;36m[0m
[1;32m[Msg] [0m[1;32mLoaded level [[0m[1;32mdefault[0m[1;32m][0m[1;32m[0m
[1;32m[Msg] [0m[1;32mServing world controls on [[0m[1;32m/world/seed_probe[0m[1;32m/control], [[0m[1;32m/world/seed_probe[0m[1;32m/control/state] and [[0m[1;32m/world/seed_probe[0m[1;32m/playback/control][0m[1;32m[0m
[1;32m[Msg] [0m[1;32mServing GUI information on [[0m[1;32m/world/seed_probe[0m[1;32m/[0m[1;32mgui/info[0m[1;32m][0m[1;32m[0m
[1;32m[Msg] [0m[1;32mWorld [[0m[1;32mseed_probe[0m[1;32m] initialized with [[0m[1;32mdefault[0m[1;32m] physics profile.[0m[1;32m[0m
[1;32m[Msg] [0m[1;32mServing world SDF generation service on [[0m[1;32m/world/seed_probe[0m[1;32m/[0m[1;32mgenerate_world_sdf[0m[1;32m][0m[1;32m[0m
[1;32m[Msg] [0m[1;32mServing world names on [[0m[1;32m/gazebo/worlds[0m[1;32m][0m[1;32m[0m
[1;32m[Msg] [0m[1;32mResource path add service on [[0m[1;32m/gazebo/resource_paths/add[0m[1;32m].[0m[1;32m[0m
[1;32m[Msg] [0m[1;32mResource path get service on [[0m[1;32m/gazebo/resource_paths/get[0m[1;32m].[0m[1;32m[0m
[1;32m[Msg] [0m[1;32mResource path resolve service on [[0m[1;32m/gazebo/resource_paths/resolve[0m[1;32m].[0m[1;32m[0m
[1;32m[Msg] [0m[1;32mResource paths published on [[0m[1;32m/gazebo/resource_paths[0m[1;32m].[0m[1;32m[0m
[1;32m[Msg] [0m[1;32mServer control service on [[0m[1;32m/server_control[0m[1;32m].[0m[1;32m[0m
[1;32m[Msg] [0m[1;32mFound no publishers on /stats, adding root stats topic[0m[1;32m[0m
[1;32m[Msg] [0m[1;32mFound no publishers on /clock, adding root clock topic[0m[1;32m[0m
[1;36m[Dbg] [SimulationRunner.cc:551] [0m[1;36mCreating PostUpdate worker threads: [0m[1;36m1[0m[1;36m[0m
[1;36m[Dbg] [gz.cc:434] [0m[1;36mShutting down gz-sim-server[0m[1;36m[0m


layout=49005 run=1 seed=961918865
[1;32m[Msg] [0m[1;32mGazebo Sim Server v[0m[1;32m8.11.0[0m[1;32m[0m
[1;32m[Msg] [0m[1;32mSetting seed value: [0m[1;32m961918865[0m[1;32m[0m
[1;32m[Msg] [0m[1;32mLoading SDF world file[[0m[1;32m/home/dell/turtlebot4_project_mx050/mapex_lab/analysis/mx049_preflight_results/mx049_seed_probe.sdf[0m[1;32m].[0m
[1;32m[Msg] [0m[1;32mServing entity system service on [[0m[1;32m/[0m[1;32mentity/system/add[0m[1;32m][0m[1;32m[0m
[1;36m[Dbg] [Physics.cc:906] [0m[1;36mLoaded [[0m[1;36mgz::physics::dartsim::Plugin[0m[1;36m] from library [[0m[1;36m/opt/ros/jazzy/opt/gz_physics_vendor/lib/gz-physics-7/engine-plugins/libgz-physics-dartsim-plugin.so[0m[1;36m][0m[1;36m[0m
[1;36m[Dbg] [SystemManager.cc:80] [0m[1;36mLoaded system [[0m[1;36mgz::sim::systems::Physics[0m[1;36m] for entity [[0m[1;36m1[0m[1;36m][0m[1;36m[0m
[1;32m[Msg] [0m[1;32mLoaded level [[0m[1;32mdefault[0m[1;32m][0m[1;32m[0m
[1;32m[Msg] [0m[1;32mServing world controls on [[0m[1;32m/world/seed_probe[0m[1;32m/control], [[0m[1;32m/world/seed_probe[0m[1;32m/control/state] and [[0m[1;32m/world/seed_probe[0m[1;32m/playback/control][0m[1;32m[0m
[1;32m[Msg] [0m[1;32mServing GUI information on [[0m[1;32m/world/seed_probe[0m[1;32m/[0m[1;32mgui/info[0m[1;32m][0m[1;32m[0m
[1;32m[Msg] [0m[1;32mWorld [[0m[1;32mseed_probe[0m[1;32m] initialized with [[0m[1;32mdefault[0m[1;32m] physics profile.[0m[1;32m[0m
[1;32m[Msg] [0m[1;32mServing world SDF generation service on [[0m[1;32m/world/seed_probe[0m[1;32m/[0m[1;32mgenerate_world_sdf[0m[1;32m][0m[1;32m[0m
[1;32m[Msg] [0m[1;32mServing world names on [[0m[1;32m/gazebo/worlds[0m[1;32m][0m[1;32m[0m
[1;32m[Msg] [0m[1;32mResource path add service on [[0m[1;32m/gazebo/resource_paths/add[0m[1;32m].[0m[1;32m[0m
[1;32m[Msg] [0m[1;32mResource path get service on [[0m[1;32m/gazebo/resource_paths/get[0m[1;32m].[0m[1;32m[0m
[1;32m[Msg] [0m[1;32mResource path resolve service on [[0m[1;32m/gazebo/resource_paths/resolve[0m[1;32m].[0m[1;32m[0m
[1;32m[Msg] [0m[1;32mResource paths published on [[0m[1;32m/gazebo/resource_paths[0m[1;32m].[0m[1;32m[0m
[1;32m[Msg] [0m[1;32mServer control service on [[0m[1;32m/server_control[0m[1;32m].[0m[1;32m[0m
[1;32m[Msg] [0m[1;32mFound no publishers on /stats, adding root stats topic[0m[1;32m[0m
[1;32m[Msg] [0m[1;32mFound no publishers on /clock, adding root clock topic[0m[1;32m[0m
[1;36m[Dbg] [SimulationRunner.cc:551] [0m[1;36mCreating PostUpdate worker threads: [0m[1;36m1[0m[1;36m[0m
[1;36m[Dbg] [gz.cc:434] [0m[1;36mShutting down gz-sim-server[0m[1;36m[0m


layout=49005 run=2 seed=204367508
[1;32m[Msg] [0m[1;32mGazebo Sim Server v[0m[1;32m8.11.0[0m[1;32m[0m
[1;32m[Msg] [0m[1;32mSetting seed value: [0m[1;32m204367508[0m[1;32m[0m
[1;32m[Msg] [0m[1;32mLoading SDF world file[[0m[1;32m/home/dell/turtlebot4_project_mx050/mapex_lab/analysis/mx049_preflight_results/mx049_seed_probe.sdf[0m[1;32m].[0m
[1;32m[Msg] [0m[1;32mServing entity system service on [[0m[1;32m/[0m[1;32mentity/system/add[0m[1;32m][0m[1;32m[0m
[1;36m[Dbg] [Physics.cc:906] [0m[1;36mLoaded [[0m[1;36mgz::physics::dartsim::Plugin[0m[1;36m] from library [[0m[1;36m/opt/ros/jazzy/opt/gz_physics_vendor/lib/gz-physics-7/engine-plugins/libgz-physics-dartsim-plugin.so[0m[1;36m][0m[1;36m[0m
[1;36m[Dbg] [SystemManager.cc:80] [0m[1;36mLoaded system [[0m[1;36mgz::sim::systems::Physics[0m[1;36m] for entity [[0m[1;36m1[0m[1;36m][0m[1;36m[0m
[1;32m[Msg] [0m[1;32mLoaded level [[0m[1;32mdefault[0m[1;32m][0m[1;32m[0m
[1;32m[Msg] [0m[1;32mServing world controls on [[0m[1;32m/world/seed_probe[0m[1;32m/control], [[0m[1;32m/world/seed_probe[0m[1;32m/control/state] and [[0m[1;32m/world/seed_probe[0m[1;32m/playback/control][0m[1;32m[0m
[1;32m[Msg] [0m[1;32mServing GUI information on [[0m[1;32m/world/seed_probe[0m[1;32m/[0m[1;32mgui/info[0m[1;32m][0m[1;32m[0m
[1;32m[Msg] [0m[1;32mWorld [[0m[1;32mseed_probe[0m[1;32m] initialized with [[0m[1;32mdefault[0m[1;32m] physics profile.[0m[1;32m[0m
[1;32m[Msg] [0m[1;32mServing world SDF generation service on [[0m[1;32m/world/seed_probe[0m[1;32m/[0m[1;32mgenerate_world_sdf[0m[1;32m][0m[1;32m[0m
[1;32m[Msg] [0m[1;32mServing world names on [[0m[1;32m/gazebo/worlds[0m[1;32m][0m[1;32m[0m
[1;32m[Msg] [0m[1;32mResource path add service on [[0m[1;32m/gazebo/resource_paths/add[0m[1;32m].[0m[1;32m[0m
[1;32m[Msg] [0m[1;32mResource path get service on [[0m[1;32m/gazebo/resource_paths/get[0m[1;32m].[0m[1;32m[0m
[1;32m[Msg] [0m[1;32mResource path resolve service on [[0m[1;32m/gazebo/resource_paths/resolve[0m[1;32m].[0m[1;32m[0m
[1;32m[Msg] [0m[1;32mResource paths published on [[0m[1;32m/gazebo/resource_paths[0m[1;32m].[0m[1;32m[0m
[1;32m[Msg] [0m[1;32mServer control service on [[0m[1;32m/server_control[0m[1;32m].[0m[1;32m[0m
[1;32m[Msg] [0m[1;32mFound no publishers on /stats, adding root stats topic[0m[1;32m[0m
[1;32m[Msg] [0m[1;32mFound no publishers on /clock, adding root clock topic[0m[1;32m[0m
[1;36m[Dbg] [SimulationRunner.cc:551] [0m[1;36mCreating PostUpdate worker threads: [0m[1;36m1[0m[1;36m[0m
[1;36m[Dbg] [gz.cc:434] [0m[1;36mShutting down gz-sim-server[0m[1;36m[0m


layout=49006 run=1 seed=1650188234
[1;32m[Msg] [0m[1;32mGazebo Sim Server v[0m[1;32m8.11.0[0m[1;32m[0m
[1;32m[Msg] [0m[1;32mSetting seed value: [0m[1;32m1650188234[0m[1;32m[0m
[1;32m[Msg] [0m[1;32mLoading SDF world file[[0m[1;32m/home/dell/turtlebot4_project_mx050/mapex_lab/analysis/mx049_preflight_results/mx049_seed_probe.sdf[0m[1;32m].[0m
[1;32m[Msg] [0m[1;32mServing entity system service on [[0m[1;32m/[0m[1;32mentity/system/add[0m[1;32m][0m[1;32m[0m
[1;36m[Dbg] [Physics.cc:906] [0m[1;36mLoaded [[0m[1;36mgz::physics::dartsim::Plugin[0m[1;36m] from library [[0m[1;36m/opt/ros/jazzy/opt/gz_physics_vendor/lib/gz-physics-7/engine-plugins/libgz-physics-dartsim-plugin.so[0m[1;36m][0m[1;36m[0m
[1;36m[Dbg] [SystemManager.cc:80] [0m[1;36mLoaded system [[0m[1;36mgz::sim::systems::Physics[0m[1;36m] for entity [[0m[1;36m1[0m[1;36m][0m[1;36m[0m
[1;32m[Msg] [0m[1;32mLoaded level [[0m[1;32mdefault[0m[1;32m][0m[1;32m[0m
[1;32m[Msg] [0m[1;32mServing world controls on [[0m[1;32m/world/seed_probe[0m[1;32m/control], [[0m[1;32m/world/seed_probe[0m[1;32m/control/state] and [[0m[1;32m/world/seed_probe[0m[1;32m/playback/control][0m[1;32m[0m
[1;32m[Msg] [0m[1;32mServing GUI information on [[0m[1;32m/world/seed_probe[0m[1;32m/[0m[1;32mgui/info[0m[1;32m][0m[1;32m[0m
[1;32m[Msg] [0m[1;32mWorld [[0m[1;32mseed_probe[0m[1;32m] initialized with [[0m[1;32mdefault[0m[1;32m] physics profile.[0m[1;32m[0m
[1;32m[Msg] [0m[1;32mServing world SDF generation service on [[0m[1;32m/world/seed_probe[0m[1;32m/[0m[1;32mgenerate_world_sdf[0m[1;32m][0m[1;32m[0m
[1;32m[Msg] [0m[1;32mServing world names on [[0m[1;32m/gazebo/worlds[0m[1;32m][0m[1;32m[0m
[1;32m[Msg] [0m[1;32mResource path add service on [[0m[1;32m/gazebo/resource_paths/add[0m[1;32m].[0m[1;32m[0m
[1;32m[Msg] [0m[1;32mResource path get service on [[0m[1;32m/gazebo/resource_paths/get[0m[1;32m].[0m[1;32m[0m
[1;32m[Msg] [0m[1;32mResource path resolve service on [[0m[1;32m/gazebo/resource_paths/resolve[0m[1;32m].[0m[1;32m[0m
[1;32m[Msg] [0m[1;32mResource paths published on [[0m[1;32m/gazebo/resource_paths[0m[1;32m].[0m[1;32m[0m
[1;32m[Msg] [0m[1;32mServer control service on [[0m[1;32m/server_control[0m[1;32m].[0m[1;32m[0m
[1;32m[Msg] [0m[1;32mFound no publishers on /stats, adding root stats topic[0m[1;32m[0m
[1;32m[Msg] [0m[1;32mFound no publishers on /clock, adding root clock topic[0m[1;32m[0m
[1;36m[Dbg] [SimulationRunner.cc:551] [0m[1;36mCreating PostUpdate worker threads: [0m[1;36m1[0m[1;36m[0m
[1;36m[Dbg] [gz.cc:434] [0m[1;36mShutting down gz-sim-server[0m[1;36m[0m


layout=49006 run=2 seed=834879043
[1;32m[Msg] [0m[1;32mGazebo Sim Server v[0m[1;32m8.11.0[0m[1;32m[0m
[1;32m[Msg] [0m[1;32mSetting seed value: [0m[1;32m834879043[0m[1;32m[0m
[1;32m[Msg] [0m[1;32mLoading SDF world file[[0m[1;32m/home/dell/turtlebot4_project_mx050/mapex_lab/analysis/mx049_preflight_results/mx049_seed_probe.sdf[0m[1;32m].[0m
[1;32m[Msg] [0m[1;32mServing entity system service on [[0m[1;32m/[0m[1;32mentity/system/add[0m[1;32m][0m[1;32m[0m
[1;36m[Dbg] [Physics.cc:906] [0m[1;36mLoaded [[0m[1;36mgz::physics::dartsim::Plugin[0m[1;36m] from library [[0m[1;36m/opt/ros/jazzy/opt/gz_physics_vendor/lib/gz-physics-7/engine-plugins/libgz-physics-dartsim-plugin.so[0m[1;36m][0m[1;36m[0m
[1;36m[Dbg] [SystemManager.cc:80] [0m[1;36mLoaded system [[0m[1;36mgz::sim::systems::Physics[0m[1;36m] for entity [[0m[1;36m1[0m[1;36m][0m[1;36m[0m
[1;32m[Msg] [0m[1;32mLoaded level [[0m[1;32mdefault[0m[1;32m][0m[1;32m[0m
[1;32m[Msg] [0m[1;32mServing world controls on [[0m[1;32m/world/seed_probe[0m[1;32m/control], [[0m[1;32m/world/seed_probe[0m[1;32m/control/state] and [[0m[1;32m/world/seed_probe[0m[1;32m/playback/control][0m[1;32m[0m
[1;32m[Msg] [0m[1;32mServing GUI information on [[0m[1;32m/world/seed_probe[0m[1;32m/[0m[1;32mgui/info[0m[1;32m][0m[1;32m[0m
[1;32m[Msg] [0m[1;32mWorld [[0m[1;32mseed_probe[0m[1;32m] initialized with [[0m[1;32mdefault[0m[1;32m] physics profile.[0m[1;32m[0m
[1;32m[Msg] [0m[1;32mServing world SDF generation service on [[0m[1;32m/world/seed_probe[0m[1;32m/[0m[1;32mgenerate_world_sdf[0m[1;32m][0m[1;32m[0m
[1;32m[Msg] [0m[1;32mServing world names on [[0m[1;32m/gazebo/worlds[0m[1;32m][0m[1;32m[0m
[1;32m[Msg] [0m[1;32mResource path add service on [[0m[1;32m/gazebo/resource_paths/add[0m[1;32m].[0m[1;32m[0m
[1;32m[Msg] [0m[1;32mResource path get service on [[0m[1;32m/gazebo/resource_paths/get[0m[1;32m].[0m[1;32m[0m
[1;32m[Msg] [0m[1;32mResource path resolve service on [[0m[1;32m/gazebo/resource_paths/resolve[0m[1;32m].[0m[1;32m[0m
[1;32m[Msg] [0m[1;32mResource paths published on [[0m[1;32m/gazebo/resource_paths[0m[1;32m].[0m[1;32m[0m
[1;32m[Msg] [0m[1;32mServer control service on [[0m[1;32m/server_control[0m[1;32m].[0m[1;32m[0m
[1;32m[Msg] [0m[1;32mFound no publishers on /stats, adding root stats topic[0m[1;32m[0m
[1;32m[Msg] [0m[1;32mFound no publishers on /clock, adding root clock topic[0m[1;32m[0m
[1;36m[Dbg] [SimulationRunner.cc:551] [0m[1;36mCreating PostUpdate worker threads: [0m[1;36m1[0m[1;36m[0m
[1;36m[Dbg] [gz.cc:434] [0m[1;36mShutting down gz-sim-server[0m[1;36m[0m


layout=49007 run=1 seed=430162273
[1;32m[Msg] [0m[1;32mGazebo Sim Server v[0m[1;32m8.11.0[0m[1;32m[0m
[1;32m[Msg] [0m[1;32mSetting seed value: [0m[1;32m430162273[0m[1;32m[0m
[1;32m[Msg] [0m[1;32mLoading SDF world file[[0m[1;32m/home/dell/turtlebot4_project_mx050/mapex_lab/analysis/mx049_preflight_results/mx049_seed_probe.sdf[0m[1;32m].[0m
[1;32m[Msg] [0m[1;32mServing entity system service on [[0m[1;32m/[0m[1;32mentity/system/add[0m[1;32m][0m[1;32m[0m
[1;36m[Dbg] [Physics.cc:906] [0m[1;36mLoaded [[0m[1;36mgz::physics::dartsim::Plugin[0m[1;36m] from library [[0m[1;36m/opt/ros/jazzy/opt/gz_physics_vendor/lib/gz-physics-7/engine-plugins/libgz-physics-dartsim-plugin.so[0m[1;36m][0m[1;36m[0m
[1;36m[Dbg] [SystemManager.cc:80] [0m[1;36mLoaded system [[0m[1;36mgz::sim::systems::Physics[0m[1;36m] for entity [[0m[1;36m1[0m[1;36m][0m[1;36m[0m
[1;32m[Msg] [0m[1;32mLoaded level [[0m[1;32mdefault[0m[1;32m][0m[1;32m[0m
[1;32m[Msg] [0m[1;32mServing world controls on [[0m[1;32m/world/seed_probe[0m[1;32m/control], [[0m[1;32m/world/seed_probe[0m[1;32m/control/state] and [[0m[1;32m/world/seed_probe[0m[1;32m/playback/control][0m[1;32m[0m
[1;32m[Msg] [0m[1;32mServing GUI information on [[0m[1;32m/world/seed_probe[0m[1;32m/[0m[1;32mgui/info[0m[1;32m][0m[1;32m[0m
[1;32m[Msg] [0m[1;32mWorld [[0m[1;32mseed_probe[0m[1;32m] initialized with [[0m[1;32mdefault[0m[1;32m] physics profile.[0m[1;32m[0m
[1;32m[Msg] [0m[1;32mServing world SDF generation service on [[0m[1;32m/world/seed_probe[0m[1;32m/[0m[1;32mgenerate_world_sdf[0m[1;32m][0m[1;32m[0m
[1;32m[Msg] [0m[1;32mServing world names on [[0m[1;32m/gazebo/worlds[0m[1;32m][0m[1;32m[0m
[1;32m[Msg] [0m[1;32mResource path add service on [[0m[1;32m/gazebo/resource_paths/add[0m[1;32m].[0m[1;32m[0m
[1;32m[Msg] [0m[1;32mResource path get service on [[0m[1;32m/gazebo/resource_paths/get[0m[1;32m].[0m[1;32m[0m
[1;32m[Msg] [0m[1;32mResource path resolve service on [[0m[1;32m/gazebo/resource_paths/resolve[0m[1;32m].[0m[1;32m[0m
[1;32m[Msg] [0m[1;32mResource paths published on [[0m[1;32m/gazebo/resource_paths[0m[1;32m].[0m[1;32m[0m
[1;32m[Msg] [0m[1;32mServer control service on [[0m[1;32m/server_control[0m[1;32m].[0m[1;32m[0m
[1;32m[Msg] [0m[1;32mFound no publishers on /stats, adding root stats topic[0m[1;32m[0m
[1;32m[Msg] [0m[1;32mFound no publishers on /clock, adding root clock topic[0m[1;32m[0m
[1;36m[Dbg] [SimulationRunner.cc:551] [0m[1;36mCreating PostUpdate worker threads: [0m[1;36m1[0m[1;36m[0m
[1;36m[Dbg] [gz.cc:434] [0m[1;36mShutting down gz-sim-server[0m[1;36m[0m


layout=49007 run=2 seed=105601891
[1;32m[Msg] [0m[1;32mGazebo Sim Server v[0m[1;32m8.11.0[0m[1;32m[0m
[1;32m[Msg] [0m[1;32mSetting seed value: [0m[1;32m105601891[0m[1;32m[0m
[1;32m[Msg] [0m[1;32mLoading SDF world file[[0m[1;32m/home/dell/turtlebot4_project_mx050/mapex_lab/analysis/mx049_preflight_results/mx049_seed_probe.sdf[0m[1;32m].[0m
[1;32m[Msg] [0m[1;32mServing entity system service on [[0m[1;32m/[0m[1;32mentity/system/add[0m[1;32m][0m[1;32m[0m
[1;36m[Dbg] [Physics.cc:906] [0m[1;36mLoaded [[0m[1;36mgz::physics::dartsim::Plugin[0m[1;36m] from library [[0m[1;36m/opt/ros/jazzy/opt/gz_physics_vendor/lib/gz-physics-7/engine-plugins/libgz-physics-dartsim-plugin.so[0m[1;36m][0m[1;36m[0m
[1;36m[Dbg] [SystemManager.cc:80] [0m[1;36mLoaded system [[0m[1;36mgz::sim::systems::Physics[0m[1;36m] for entity [[0m[1;36m1[0m[1;36m][0m[1;36m[0m
[1;32m[Msg] [0m[1;32mLoaded level [[0m[1;32mdefault[0m[1;32m][0m[1;32m[0m
[1;32m[Msg] [0m[1;32mServing world controls on [[0m[1;32m/world/seed_probe[0m[1;32m/control], [[0m[1;32m/world/seed_probe[0m[1;32m/control/state] and [[0m[1;32m/world/seed_probe[0m[1;32m/playback/control][0m[1;32m[0m
[1;32m[Msg] [0m[1;32mServing GUI information on [[0m[1;32m/world/seed_probe[0m[1;32m/[0m[1;32mgui/info[0m[1;32m][0m[1;32m[0m
[1;32m[Msg] [0m[1;32mWorld [[0m[1;32mseed_probe[0m[1;32m] initialized with [[0m[1;32mdefault[0m[1;32m] physics profile.[0m[1;32m[0m
[1;32m[Msg] [0m[1;32mServing world SDF generation service on [[0m[1;32m/world/seed_probe[0m[1;32m/[0m[1;32mgenerate_world_sdf[0m[1;32m][0m[1;32m[0m
[1;32m[Msg] [0m[1;32mServing world names on [[0m[1;32m/gazebo/worlds[0m[1;32m][0m[1;32m[0m
[1;32m[Msg] [0m[1;32mResource path add service on [[0m[1;32m/gazebo/resource_paths/add[0m[1;32m].[0m[1;32m[0m
[1;32m[Msg] [0m[1;32mResource path get service on [[0m[1;32m/gazebo/resource_paths/get[0m[1;32m].[0m[1;32m[0m
[1;32m[Msg] [0m[1;32mResource path resolve service on [[0m[1;32m/gazebo/resource_paths/resolve[0m[1;32m].[0m[1;32m[0m
[1;32m[Msg] [0m[1;32mResource paths published on [[0m[1;32m/gazebo/resource_paths[0m[1;32m].[0m[1;32m[0m
[1;32m[Msg] [0m[1;32mServer control service on [[0m[1;32m/server_control[0m[1;32m].[0m[1;32m[0m
[1;32m[Msg] [0m[1;32mFound no publishers on /stats, adding root stats topic[0m[1;32m[0m
[1;32m[Msg] [0m[1;32mFound no publishers on /clock, adding root clock topic[0m[1;32m[0m
[1;36m[Dbg] [SimulationRunner.cc:551] [0m[1;36mCreating PostUpdate worker threads: [0m[1;36m1[0m[1;36m[0m
[1;36m[Dbg] [gz.cc:434] [0m[1;36mShutting down gz-sim-server[0m[1;36m[0m


layout=49008 run=1 seed=1183031188
[1;32m[Msg] [0m[1;32mGazebo Sim Server v[0m[1;32m8.11.0[0m[1;32m[0m
[1;32m[Msg] [0m[1;32mSetting seed value: [0m[1;32m1183031188[0m[1;32m[0m
[1;32m[Msg] [0m[1;32mLoading SDF world file[[0m[1;32m/home/dell/turtlebot4_project_mx050/mapex_lab/analysis/mx049_preflight_results/mx049_seed_probe.sdf[0m[1;32m].[0m
[1;32m[Msg] [0m[1;32mServing entity system service on [[0m[1;32m/[0m[1;32mentity/system/add[0m[1;32m][0m[1;32m[0m
[1;36m[Dbg] [Physics.cc:906] [0m[1;36mLoaded [[0m[1;36mgz::physics::dartsim::Plugin[0m[1;36m] from library [[0m[1;36m/opt/ros/jazzy/opt/gz_physics_vendor/lib/gz-physics-7/engine-plugins/libgz-physics-dartsim-plugin.so[0m[1;36m][0m[1;36m[0m
[1;36m[Dbg] [SystemManager.cc:80] [0m[1;36mLoaded system [[0m[1;36mgz::sim::systems::Physics[0m[1;36m] for entity [[0m[1;36m1[0m[1;36m][0m[1;36m[0m
[1;32m[Msg] [0m[1;32mLoaded level [[0m[1;32mdefault[0m[1;32m][0m[1;32m[0m
[1;32m[Msg] [0m[1;32mServing world controls on [[0m[1;32m/world/seed_probe[0m[1;32m/control], [[0m[1;32m/world/seed_probe[0m[1;32m/control/state] and [[0m[1;32m/world/seed_probe[0m[1;32m/playback/control][0m[1;32m[0m
[1;32m[Msg] [0m[1;32mServing GUI information on [[0m[1;32m/world/seed_probe[0m[1;32m/[0m[1;32mgui/info[0m[1;32m][0m[1;32m[0m
[1;32m[Msg] [0m[1;32mWorld [[0m[1;32mseed_probe[0m[1;32m] initialized with [[0m[1;32mdefault[0m[1;32m] physics profile.[0m[1;32m[0m
[1;32m[Msg] [0m[1;32mServing world SDF generation service on [[0m[1;32m/world/seed_probe[0m[1;32m/[0m[1;32mgenerate_world_sdf[0m[1;32m][0m[1;32m[0m
[1;32m[Msg] [0m[1;32mServing world names on [[0m[1;32m/gazebo/worlds[0m[1;32m][0m[1;32m[0m
[1;32m[Msg] [0m[1;32mResource path add service on [[0m[1;32m/gazebo/resource_paths/add[0m[1;32m].[0m[1;32m[0m
[1;32m[Msg] [0m[1;32mResource path get service on [[0m[1;32m/gazebo/resource_paths/get[0m[1;32m].[0m[1;32m[0m
[1;32m[Msg] [0m[1;32mResource path resolve service on [[0m[1;32m/gazebo/resource_paths/resolve[0m[1;32m].[0m[1;32m[0m
[1;32m[Msg] [0m[1;32mResource paths published on [[0m[1;32m/gazebo/resource_paths[0m[1;32m].[0m[1;32m[0m
[1;32m[Msg] [0m[1;32mServer control service on [[0m[1;32m/server_control[0m[1;32m].[0m[1;32m[0m
[1;32m[Msg] [0m[1;32mFound no publishers on /stats, adding root stats topic[0m[1;32m[0m
[1;32m[Msg] [0m[1;32mFound no publishers on /clock, adding root clock topic[0m[1;32m[0m
[1;36m[Dbg] [SimulationRunner.cc:551] [0m[1;36mCreating PostUpdate worker threads: [0m[1;36m1[0m[1;36m[0m
[1;36m[Dbg] [gz.cc:434] [0m[1;36mShutting down gz-sim-server[0m[1;36m[0m


layout=49008 run=2 seed=1078936914
[1;32m[Msg] [0m[1;32mGazebo Sim Server v[0m[1;32m8.11.0[0m[1;32m[0m
[1;32m[Msg] [0m[1;32mSetting seed value: [0m[1;32m1078936914[0m[1;32m[0m
[1;32m[Msg] [0m[1;32mLoading SDF world file[[0m[1;32m/home/dell/turtlebot4_project_mx050/mapex_lab/analysis/mx049_preflight_results/mx049_seed_probe.sdf[0m[1;32m].[0m
[1;32m[Msg] [0m[1;32mServing entity system service on [[0m[1;32m/[0m[1;32mentity/system/add[0m[1;32m][0m[1;32m[0m
[1;36m[Dbg] [Physics.cc:906] [0m[1;36mLoaded [[0m[1;36mgz::physics::dartsim::Plugin[0m[1;36m] from library [[0m[1;36m/opt/ros/jazzy/opt/gz_physics_vendor/lib/gz-physics-7/engine-plugins/libgz-physics-dartsim-plugin.so[0m[1;36m][0m[1;36m[0m
[1;36m[Dbg] [SystemManager.cc:80] [0m[1;36mLoaded system [[0m[1;36mgz::sim::systems::Physics[0m[1;36m] for entity [[0m[1;36m1[0m[1;36m][0m[1;36m[0m
[1;32m[Msg] [0m[1;32mLoaded level [[0m[1;32mdefault[0m[1;32m][0m[1;32m[0m
[1;32m[Msg] [0m[1;32mServing world controls on [[0m[1;32m/world/seed_probe[0m[1;32m/control], [[0m[1;32m/world/seed_probe[0m[1;32m/control/state] and [[0m[1;32m/world/seed_probe[0m[1;32m/playback/control][0m[1;32m[0m
[1;32m[Msg] [0m[1;32mServing GUI information on [[0m[1;32m/world/seed_probe[0m[1;32m/[0m[1;32mgui/info[0m[1;32m][0m[1;32m[0m
[1;32m[Msg] [0m[1;32mWorld [[0m[1;32mseed_probe[0m[1;32m] initialized with [[0m[1;32mdefault[0m[1;32m] physics profile.[0m[1;32m[0m
[1;32m[Msg] [0m[1;32mServing world SDF generation service on [[0m[1;32m/world/seed_probe[0m[1;32m/[0m[1;32mgenerate_world_sdf[0m[1;32m][0m[1;32m[0m
[1;32m[Msg] [0m[1;32mServing world names on [[0m[1;32m/gazebo/worlds[0m[1;32m][0m[1;32m[0m
[1;32m[Msg] [0m[1;32mResource path add service on [[0m[1;32m/gazebo/resource_paths/add[0m[1;32m].[0m[1;32m[0m
[1;32m[Msg] [0m[1;32mResource path get service on [[0m[1;32m/gazebo/resource_paths/get[0m[1;32m].[0m[1;32m[0m
[1;32m[Msg] [0m[1;32mResource path resolve service on [[0m[1;32m/gazebo/resource_paths/resolve[0m[1;32m].[0m[1;32m[0m
[1;32m[Msg] [0m[1;32mResource paths published on [[0m[1;32m/gazebo/resource_paths[0m[1;32m].[0m[1;32m[0m
[1;32m[Msg] [0m[1;32mServer control service on [[0m[1;32m/server_control[0m[1;32m].[0m[1;32m[0m
[1;32m[Msg] [0m[1;32mFound no publishers on /stats, adding root stats topic[0m[1;32m[0m
[1;32m[Msg] [0m[1;32mFound no publishers on /clock, adding root clock topic[0m[1;32m[0m
[1;36m[Dbg] [SimulationRunner.cc:551] [0m[1;36mCreating PostUpdate worker threads: [0m[1;36m1[0m[1;36m[0m
[1;36m[Dbg] [gz.cc:434] [0m[1;36mShutting down gz-sim-server[0m[1;36m[0m


layout=49009 run=1 seed=2119341447
[1;32m[Msg] [0m[1;32mGazebo Sim Server v[0m[1;32m8.11.0[0m[1;32m[0m
[1;32m[Msg] [0m[1;32mSetting seed value: [0m[1;32m2119341447[0m[1;32m[0m
[1;32m[Msg] [0m[1;32mLoading SDF world file[[0m[1;32m/home/dell/turtlebot4_project_mx050/mapex_lab/analysis/mx049_preflight_results/mx049_seed_probe.sdf[0m[1;32m].[0m
[1;32m[Msg] [0m[1;32mServing entity system service on [[0m[1;32m/[0m[1;32mentity/system/add[0m[1;32m][0m[1;32m[0m
[1;36m[Dbg] [Physics.cc:906] [0m[1;36mLoaded [[0m[1;36mgz::physics::dartsim::Plugin[0m[1;36m] from library [[0m[1;36m/opt/ros/jazzy/opt/gz_physics_vendor/lib/gz-physics-7/engine-plugins/libgz-physics-dartsim-plugin.so[0m[1;36m][0m[1;36m[0m
[1;36m[Dbg] [SystemManager.cc:80] [0m[1;36mLoaded system [[0m[1;36mgz::sim::systems::Physics[0m[1;36m] for entity [[0m[1;36m1[0m[1;36m][0m[1;36m[0m
[1;32m[Msg] [0m[1;32mLoaded level [[0m[1;32mdefault[0m[1;32m][0m[1;32m[0m
[1;32m[Msg] [0m[1;32mServing world controls on [[0m[1;32m/world/seed_probe[0m[1;32m/control], [[0m[1;32m/world/seed_probe[0m[1;32m/control/state] and [[0m[1;32m/world/seed_probe[0m[1;32m/playback/control][0m[1;32m[0m
[1;32m[Msg] [0m[1;32mServing GUI information on [[0m[1;32m/world/seed_probe[0m[1;32m/[0m[1;32mgui/info[0m[1;32m][0m[1;32m[0m
[1;32m[Msg] [0m[1;32mWorld [[0m[1;32mseed_probe[0m[1;32m] initialized with [[0m[1;32mdefault[0m[1;32m] physics profile.[0m[1;32m[0m
[1;32m[Msg] [0m[1;32mServing world SDF generation service on [[0m[1;32m/world/seed_probe[0m[1;32m/[0m[1;32mgenerate_world_sdf[0m[1;32m][0m[1;32m[0m
[1;32m[Msg] [0m[1;32mServing world names on [[0m[1;32m/gazebo/worlds[0m[1;32m][0m[1;32m[0m
[1;32m[Msg] [0m[1;32mResource path add service on [[0m[1;32m/gazebo/resource_paths/add[0m[1;32m].[0m[1;32m[0m
[1;32m[Msg] [0m[1;32mResource path get service on [[0m[1;32m/gazebo/resource_paths/get[0m[1;32m].[0m[1;32m[0m
[1;32m[Msg] [0m[1;32mResource path resolve service on [[0m[1;32m/gazebo/resource_paths/resolve[0m[1;32m].[0m[1;32m[0m
[1;32m[Msg] [0m[1;32mResource paths published on [[0m[1;32m/gazebo/resource_paths[0m[1;32m].[0m[1;32m[0m
[1;32m[Msg] [0m[1;32mServer control service on [[0m[1;32m/server_control[0m[1;32m].[0m[1;32m[0m
[1;32m[Msg] [0m[1;32mFound no publishers on /stats, adding root stats topic[0m[1;32m[0m
[1;32m[Msg] [0m[1;32mFound no publishers on /clock, adding root clock topic[0m[1;32m[0m
[1;36m[Dbg] [SimulationRunner.cc:551] [0m[1;36mCreating PostUpdate worker threads: [0m[1;36m1[0m[1;36m[0m
[1;36m[Dbg] [gz.cc:434] [0m[1;36mShutting down gz-sim-server[0m[1;36m[0m


layout=49009 run=2 seed=593438012
[1;32m[Msg] [0m[1;32mGazebo Sim Server v[0m[1;32m8.11.0[0m[1;32m[0m
[1;32m[Msg] [0m[1;32mSetting seed value: [0m[1;32m593438012[0m[1;32m[0m
[1;32m[Msg] [0m[1;32mLoading SDF world file[[0m[1;32m/home/dell/turtlebot4_project_mx050/mapex_lab/analysis/mx049_preflight_results/mx049_seed_probe.sdf[0m[1;32m].[0m
[1;32m[Msg] [0m[1;32mServing entity system service on [[0m[1;32m/[0m[1;32mentity/system/add[0m[1;32m][0m[1;32m[0m
[1;36m[Dbg] [Physics.cc:906] [0m[1;36mLoaded [[0m[1;36mgz::physics::dartsim::Plugin[0m[1;36m] from library [[0m[1;36m/opt/ros/jazzy/opt/gz_physics_vendor/lib/gz-physics-7/engine-plugins/libgz-physics-dartsim-plugin.so[0m[1;36m][0m[1;36m[0m
[1;36m[Dbg] [SystemManager.cc:80] [0m[1;36mLoaded system [[0m[1;36mgz::sim::systems::Physics[0m[1;36m] for entity [[0m[1;36m1[0m[1;36m][0m[1;36m[0m
[1;32m[Msg] [0m[1;32mLoaded level [[0m[1;32mdefault[0m[1;32m][0m[1;32m[0m
[1;32m[Msg] [0m[1;32mServing world controls on [[0m[1;32m/world/seed_probe[0m[1;32m/control], [[0m[1;32m/world/seed_probe[0m[1;32m/control/state] and [[0m[1;32m/world/seed_probe[0m[1;32m/playback/control][0m[1;32m[0m
[1;32m[Msg] [0m[1;32mServing GUI information on [[0m[1;32m/world/seed_probe[0m[1;32m/[0m[1;32mgui/info[0m[1;32m][0m[1;32m[0m
[1;32m[Msg] [0m[1;32mWorld [[0m[1;32mseed_probe[0m[1;32m] initialized with [[0m[1;32mdefault[0m[1;32m] physics profile.[0m[1;32m[0m
[1;32m[Msg] [0m[1;32mServing world SDF generation service on [[0m[1;32m/world/seed_probe[0m[1;32m/[0m[1;32mgenerate_world_sdf[0m[1;32m][0m[1;32m[0m
[1;32m[Msg] [0m[1;32mServing world names on [[0m[1;32m/gazebo/worlds[0m[1;32m][0m[1;32m[0m
[1;32m[Msg] [0m[1;32mResource path add service on [[0m[1;32m/gazebo/resource_paths/add[0m[1;32m].[0m[1;32m[0m
[1;32m[Msg] [0m[1;32mResource path get service on [[0m[1;32m/gazebo/resource_paths/get[0m[1;32m].[0m[1;32m[0m
[1;32m[Msg] [0m[1;32mResource path resolve service on [[0m[1;32m/gazebo/resource_paths/resolve[0m[1;32m].[0m[1;32m[0m
[1;32m[Msg] [0m[1;32mResource paths published on [[0m[1;32m/gazebo/resource_paths[0m[1;32m].[0m[1;32m[0m
[1;32m[Msg] [0m[1;32mServer control service on [[0m[1;32m/server_control[0m[1;32m].[0m[1;32m[0m
[1;32m[Msg] [0m[1;32mFound no publishers on /stats, adding root stats topic[0m[1;32m[0m
[1;32m[Msg] [0m[1;32mFound no publishers on /clock, adding root clock topic[0m[1;32m[0m
[1;36m[Dbg] [SimulationRunner.cc:551] [0m[1;36mCreating PostUpdate worker threads: [0m[1;36m1[0m[1;36m[0m
[1;36m[Dbg] [gz.cc:434] [0m[1;36mShutting down gz-sim-server[0m[1;36m[0m


layout=49010 run=1 seed=2031084460
[1;32m[Msg] [0m[1;32mGazebo Sim Server v[0m[1;32m8.11.0[0m[1;32m[0m
[1;32m[Msg] [0m[1;32mSetting seed value: [0m[1;32m2031084460[0m[1;32m[0m
[1;32m[Msg] [0m[1;32mLoading SDF world file[[0m[1;32m/home/dell/turtlebot4_project_mx050/mapex_lab/analysis/mx049_preflight_results/mx049_seed_probe.sdf[0m[1;32m].[0m
[1;32m[Msg] [0m[1;32mServing entity system service on [[0m[1;32m/[0m[1;32mentity/system/add[0m[1;32m][0m[1;32m[0m
[1;36m[Dbg] [Physics.cc:906] [0m[1;36mLoaded [[0m[1;36mgz::physics::dartsim::Plugin[0m[1;36m] from library [[0m[1;36m/opt/ros/jazzy/opt/gz_physics_vendor/lib/gz-physics-7/engine-plugins/libgz-physics-dartsim-plugin.so[0m[1;36m][0m[1;36m[0m
[1;36m[Dbg] [SystemManager.cc:80] [0m[1;36mLoaded system [[0m[1;36mgz::sim::systems::Physics[0m[1;36m] for entity [[0m[1;36m1[0m[1;36m][0m[1;36m[0m
[1;32m[Msg] [0m[1;32mLoaded level [[0m[1;32mdefault[0m[1;32m][0m[1;32m[0m
[1;32m[Msg] [0m[1;32mServing world controls on [[0m[1;32m/world/seed_probe[0m[1;32m/control], [[0m[1;32m/world/seed_probe[0m[1;32m/control/state] and [[0m[1;32m/world/seed_probe[0m[1;32m/playback/control][0m[1;32m[0m
[1;32m[Msg] [0m[1;32mServing GUI information on [[0m[1;32m/world/seed_probe[0m[1;32m/[0m[1;32mgui/info[0m[1;32m][0m[1;32m[0m
[1;32m[Msg] [0m[1;32mWorld [[0m[1;32mseed_probe[0m[1;32m] initialized with [[0m[1;32mdefault[0m[1;32m] physics profile.[0m[1;32m[0m
[1;32m[Msg] [0m[1;32mServing world SDF generation service on [[0m[1;32m/world/seed_probe[0m[1;32m/[0m[1;32mgenerate_world_sdf[0m[1;32m][0m[1;32m[0m
[1;32m[Msg] [0m[1;32mServing world names on [[0m[1;32m/gazebo/worlds[0m[1;32m][0m[1;32m[0m
[1;32m[Msg] [0m[1;32mResource path add service on [[0m[1;32m/gazebo/resource_paths/add[0m[1;32m].[0m[1;32m[0m
[1;32m[Msg] [0m[1;32mResource path get service on [[0m[1;32m/gazebo/resource_paths/get[0m[1;32m].[0m[1;32m[0m
[1;32m[Msg] [0m[1;32mResource path resolve service on [[0m[1;32m/gazebo/resource_paths/resolve[0m[1;32m].[0m[1;32m[0m
[1;32m[Msg] [0m[1;32mResource paths published on [[0m[1;32m/gazebo/resource_paths[0m[1;32m].[0m[1;32m[0m
[1;32m[Msg] [0m[1;32mServer control service on [[0m[1;32m/server_control[0m[1;32m].[0m[1;32m[0m
[1;32m[Msg] [0m[1;32mFound no publishers on /stats, adding root stats topic[0m[1;32m[0m
[1;32m[Msg] [0m[1;32mFound no publishers on /clock, adding root clock topic[0m[1;32m[0m
[1;36m[Dbg] [SimulationRunner.cc:551] [0m[1;36mCreating PostUpdate worker threads: [0m[1;36m1[0m[1;36m[0m
[1;36m[Dbg] [gz.cc:434] [0m[1;36mShutting down gz-sim-server[0m[1;36m[0m


layout=49010 run=2 seed=1145185710
[1;32m[Msg] [0m[1;32mGazebo Sim Server v[0m[1;32m8.11.0[0m[1;32m[0m
[1;32m[Msg] [0m[1;32mSetting seed value: [0m[1;32m1145185710[0m[1;32m[0m
[1;32m[Msg] [0m[1;32mLoading SDF world file[[0m[1;32m/home/dell/turtlebot4_project_mx050/mapex_lab/analysis/mx049_preflight_results/mx049_seed_probe.sdf[0m[1;32m].[0m
[1;32m[Msg] [0m[1;32mServing entity system service on [[0m[1;32m/[0m[1;32mentity/system/add[0m[1;32m][0m[1;32m[0m
[1;36m[Dbg] [Physics.cc:906] [0m[1;36mLoaded [[0m[1;36mgz::physics::dartsim::Plugin[0m[1;36m] from library [[0m[1;36m/opt/ros/jazzy/opt/gz_physics_vendor/lib/gz-physics-7/engine-plugins/libgz-physics-dartsim-plugin.so[0m[1;36m][0m[1;36m[0m
[1;36m[Dbg] [SystemManager.cc:80] [0m[1;36mLoaded system [[0m[1;36mgz::sim::systems::Physics[0m[1;36m] for entity [[0m[1;36m1[0m[1;36m][0m[1;36m[0m
[1;32m[Msg] [0m[1;32mLoaded level [[0m[1;32mdefault[0m[1;32m][0m[1;32m[0m
[1;32m[Msg] [0m[1;32mServing world controls on [[0m[1;32m/world/seed_probe[0m[1;32m/control], [[0m[1;32m/world/seed_probe[0m[1;32m/control/state] and [[0m[1;32m/world/seed_probe[0m[1;32m/playback/control][0m[1;32m[0m
[1;32m[Msg] [0m[1;32mServing GUI information on [[0m[1;32m/world/seed_probe[0m[1;32m/[0m[1;32mgui/info[0m[1;32m][0m[1;32m[0m
[1;32m[Msg] [0m[1;32mWorld [[0m[1;32mseed_probe[0m[1;32m] initialized with [[0m[1;32mdefault[0m[1;32m] physics profile.[0m[1;32m[0m
[1;32m[Msg] [0m[1;32mServing world SDF generation service on [[0m[1;32m/world/seed_probe[0m[1;32m/[0m[1;32mgenerate_world_sdf[0m[1;32m][0m[1;32m[0m
[1;32m[Msg] [0m[1;32mServing world names on [[0m[1;32m/gazebo/worlds[0m[1;32m][0m[1;32m[0m
[1;32m[Msg] [0m[1;32mResource path add service on [[0m[1;32m/gazebo/resource_paths/add[0m[1;32m].[0m[1;32m[0m
[1;32m[Msg] [0m[1;32mResource path get service on [[0m[1;32m/gazebo/resource_paths/get[0m[1;32m].[0m[1;32m[0m
[1;32m[Msg] [0m[1;32mResource path resolve service on [[0m[1;32m/gazebo/resource_paths/resolve[0m[1;32m].[0m[1;32m[0m
[1;32m[Msg] [0m[1;32mResource paths published on [[0m[1;32m/gazebo/resource_paths[0m[1;32m].[0m[1;32m[0m
[1;32m[Msg] [0m[1;32mServer control service on [[0m[1;32m/server_control[0m[1;32m].[0m[1;32m[0m
[1;32m[Msg] [0m[1;32mFound no publishers on /stats, adding root stats topic[0m[1;32m[0m
[1;32m[Msg] [0m[1;32mFound no publishers on /clock, adding root clock topic[0m[1;32m[0m
[1;36m[Dbg] [SimulationRunner.cc:551] [0m[1;36mCreating PostUpdate worker threads: [0m[1;36m1[0m[1;36m[0m
[1;36m[Dbg] [gz.cc:434] [0m[1;36mShutting down gz-sim-server[0m[1;36m[0m


layout=49011 run=1 seed=451742954
[1;32m[Msg] [0m[1;32mGazebo Sim Server v[0m[1;32m8.11.0[0m[1;32m[0m
[1;32m[Msg] [0m[1;32mSetting seed value: [0m[1;32m451742954[0m[1;32m[0m
[1;32m[Msg] [0m[1;32mLoading SDF world file[[0m[1;32m/home/dell/turtlebot4_project_mx050/mapex_lab/analysis/mx049_preflight_results/mx049_seed_probe.sdf[0m[1;32m].[0m
[1;32m[Msg] [0m[1;32mServing entity system service on [[0m[1;32m/[0m[1;32mentity/system/add[0m[1;32m][0m[1;32m[0m
[1;36m[Dbg] [Physics.cc:906] [0m[1;36mLoaded [[0m[1;36mgz::physics::dartsim::Plugin[0m[1;36m] from library [[0m[1;36m/opt/ros/jazzy/opt/gz_physics_vendor/lib/gz-physics-7/engine-plugins/libgz-physics-dartsim-plugin.so[0m[1;36m][0m[1;36m[0m
[1;36m[Dbg] [SystemManager.cc:80] [0m[1;36mLoaded system [[0m[1;36mgz::sim::systems::Physics[0m[1;36m] for entity [[0m[1;36m1[0m[1;36m][0m[1;36m[0m
[1;32m[Msg] [0m[1;32mLoaded level [[0m[1;32mdefault[0m[1;32m][0m[1;32m[0m
[1;32m[Msg] [0m[1;32mServing world controls on [[0m[1;32m/world/seed_probe[0m[1;32m/control], [[0m[1;32m/world/seed_probe[0m[1;32m/control/state] and [[0m[1;32m/world/seed_probe[0m[1;32m/playback/control][0m[1;32m[0m
[1;32m[Msg] [0m[1;32mServing GUI information on [[0m[1;32m/world/seed_probe[0m[1;32m/[0m[1;32mgui/info[0m[1;32m][0m[1;32m[0m
[1;32m[Msg] [0m[1;32mWorld [[0m[1;32mseed_probe[0m[1;32m] initialized with [[0m[1;32mdefault[0m[1;32m] physics profile.[0m[1;32m[0m
[1;32m[Msg] [0m[1;32mServing world SDF generation service on [[0m[1;32m/world/seed_probe[0m[1;32m/[0m[1;32mgenerate_world_sdf[0m[1;32m][0m[1;32m[0m
[1;32m[Msg] [0m[1;32mServing world names on [[0m[1;32m/gazebo/worlds[0m[1;32m][0m[1;32m[0m
[1;32m[Msg] [0m[1;32mResource path add service on [[0m[1;32m/gazebo/resource_paths/add[0m[1;32m].[0m[1;32m[0m
[1;32m[Msg] [0m[1;32mResource path get service on [[0m[1;32m/gazebo/resource_paths/get[0m[1;32m].[0m[1;32m[0m
[1;32m[Msg] [0m[1;32mResource path resolve service on [[0m[1;32m/gazebo/resource_paths/resolve[0m[1;32m].[0m[1;32m[0m
[1;32m[Msg] [0m[1;32mResource paths published on [[0m[1;32m/gazebo/resource_paths[0m[1;32m].[0m[1;32m[0m
[1;32m[Msg] [0m[1;32mServer control service on [[0m[1;32m/server_control[0m[1;32m].[0m[1;32m[0m
[1;32m[Msg] [0m[1;32mFound no publishers on /stats, adding root stats topic[0m[1;32m[0m
[1;32m[Msg] [0m[1;32mFound no publishers on /clock, adding root clock topic[0m[1;32m[0m
[1;36m[Dbg] [SimulationRunner.cc:551] [0m[1;36mCreating PostUpdate worker threads: [0m[1;36m1[0m[1;36m[0m
[1;36m[Dbg] [gz.cc:434] [0m[1;36mShutting down gz-sim-server[0m[1;36m[0m


layout=49011 run=2 seed=655650547
[1;32m[Msg] [0m[1;32mGazebo Sim Server v[0m[1;32m8.11.0[0m[1;32m[0m
[1;32m[Msg] [0m[1;32mSetting seed value: [0m[1;32m655650547[0m[1;32m[0m
[1;32m[Msg] [0m[1;32mLoading SDF world file[[0m[1;32m/home/dell/turtlebot4_project_mx050/mapex_lab/analysis/mx049_preflight_results/mx049_seed_probe.sdf[0m[1;32m].[0m
[1;32m[Msg] [0m[1;32mServing entity system service on [[0m[1;32m/[0m[1;32mentity/system/add[0m[1;32m][0m[1;32m[0m
[1;36m[Dbg] [Physics.cc:906] [0m[1;36mLoaded [[0m[1;36mgz::physics::dartsim::Plugin[0m[1;36m] from library [[0m[1;36m/opt/ros/jazzy/opt/gz_physics_vendor/lib/gz-physics-7/engine-plugins/libgz-physics-dartsim-plugin.so[0m[1;36m][0m[1;36m[0m
[1;36m[Dbg] [SystemManager.cc:80] [0m[1;36mLoaded system [[0m[1;36mgz::sim::systems::Physics[0m[1;36m] for entity [[0m[1;36m1[0m[1;36m][0m[1;36m[0m
[1;32m[Msg] [0m[1;32mLoaded level [[0m[1;32mdefault[0m[1;32m][0m[1;32m[0m
[1;32m[Msg] [0m[1;32mServing world controls on [[0m[1;32m/world/seed_probe[0m[1;32m/control], [[0m[1;32m/world/seed_probe[0m[1;32m/control/state] and [[0m[1;32m/world/seed_probe[0m[1;32m/playback/control][0m[1;32m[0m
[1;32m[Msg] [0m[1;32mServing GUI information on [[0m[1;32m/world/seed_probe[0m[1;32m/[0m[1;32mgui/info[0m[1;32m][0m[1;32m[0m
[1;32m[Msg] [0m[1;32mWorld [[0m[1;32mseed_probe[0m[1;32m] initialized with [[0m[1;32mdefault[0m[1;32m] physics profile.[0m[1;32m[0m
[1;32m[Msg] [0m[1;32mServing world SDF generation service on [[0m[1;32m/world/seed_probe[0m[1;32m/[0m[1;32mgenerate_world_sdf[0m[1;32m][0m[1;32m[0m
[1;32m[Msg] [0m[1;32mServing world names on [[0m[1;32m/gazebo/worlds[0m[1;32m][0m[1;32m[0m
[1;32m[Msg] [0m[1;32mResource path add service on [[0m[1;32m/gazebo/resource_paths/add[0m[1;32m].[0m[1;32m[0m
[1;32m[Msg] [0m[1;32mResource path get service on [[0m[1;32m/gazebo/resource_paths/get[0m[1;32m].[0m[1;32m[0m
[1;32m[Msg] [0m[1;32mResource path resolve service on [[0m[1;32m/gazebo/resource_paths/resolve[0m[1;32m].[0m[1;32m[0m
[1;32m[Msg] [0m[1;32mResource paths published on [[0m[1;32m/gazebo/resource_paths[0m[1;32m].[0m[1;32m[0m
[1;32m[Msg] [0m[1;32mServer control service on [[0m[1;32m/server_control[0m[1;32m].[0m[1;32m[0m
[1;32m[Msg] [0m[1;32mFound no publishers on /stats, adding root stats topic[0m[1;32m[0m
[1;32m[Msg] [0m[1;32mFound no publishers on /clock, adding root clock topic[0m[1;32m[0m
[1;36m[Dbg] [SimulationRunner.cc:551] [0m[1;36mCreating PostUpdate worker threads: [0m[1;36m1[0m[1;36m[0m
[1;36m[Dbg] [gz.cc:434] [0m[1;36mShutting down gz-sim-server[0m[1;36m[0m


layout=49012 run=1 seed=1038180874
[1;32m[Msg] [0m[1;32mGazebo Sim Server v[0m[1;32m8.11.0[0m[1;32m[0m
[1;32m[Msg] [0m[1;32mSetting seed value: [0m[1;32m1038180874[0m[1;32m[0m
[1;32m[Msg] [0m[1;32mLoading SDF world file[[0m[1;32m/home/dell/turtlebot4_project_mx050/mapex_lab/analysis/mx049_preflight_results/mx049_seed_probe.sdf[0m[1;32m].[0m
[1;32m[Msg] [0m[1;32mServing entity system service on [[0m[1;32m/[0m[1;32mentity/system/add[0m[1;32m][0m[1;32m[0m
[1;36m[Dbg] [Physics.cc:906] [0m[1;36mLoaded [[0m[1;36mgz::physics::dartsim::Plugin[0m[1;36m] from library [[0m[1;36m/opt/ros/jazzy/opt/gz_physics_vendor/lib/gz-physics-7/engine-plugins/libgz-physics-dartsim-plugin.so[0m[1;36m][0m[1;36m[0m
[1;36m[Dbg] [SystemManager.cc:80] [0m[1;36mLoaded system [[0m[1;36mgz::sim::systems::Physics[0m[1;36m] for entity [[0m[1;36m1[0m[1;36m][0m[1;36m[0m
[1;32m[Msg] [0m[1;32mLoaded level [[0m[1;32mdefault[0m[1;32m][0m[1;32m[0m
[1;32m[Msg] [0m[1;32mServing world controls on [[0m[1;32m/world/seed_probe[0m[1;32m/control], [[0m[1;32m/world/seed_probe[0m[1;32m/control/state] and [[0m[1;32m/world/seed_probe[0m[1;32m/playback/control][0m[1;32m[0m
[1;32m[Msg] [0m[1;32mServing GUI information on [[0m[1;32m/world/seed_probe[0m[1;32m/[0m[1;32mgui/info[0m[1;32m][0m[1;32m[0m
[1;32m[Msg] [0m[1;32mWorld [[0m[1;32mseed_probe[0m[1;32m] initialized with [[0m[1;32mdefault[0m[1;32m] physics profile.[0m[1;32m[0m
[1;32m[Msg] [0m[1;32mServing world SDF generation service on [[0m[1;32m/world/seed_probe[0m[1;32m/[0m[1;32mgenerate_world_sdf[0m[1;32m][0m[1;32m[0m
[1;32m[Msg] [0m[1;32mServing world names on [[0m[1;32m/gazebo/worlds[0m[1;32m][0m[1;32m[0m
[1;32m[Msg] [0m[1;32mResource path add service on [[0m[1;32m/gazebo/resource_paths/add[0m[1;32m].[0m[1;32m[0m
[1;32m[Msg] [0m[1;32mResource path get service on [[0m[1;32m/gazebo/resource_paths/get[0m[1;32m].[0m[1;32m[0m
[1;32m[Msg] [0m[1;32mResource path resolve service on [[0m[1;32m/gazebo/resource_paths/resolve[0m[1;32m].[0m[1;32m[0m
[1;32m[Msg] [0m[1;32mResource paths published on [[0m[1;32m/gazebo/resource_paths[0m[1;32m].[0m[1;32m[0m
[1;32m[Msg] [0m[1;32mServer control service on [[0m[1;32m/server_control[0m[1;32m].[0m[1;32m[0m
[1;32m[Msg] [0m[1;32mFound no publishers on /stats, adding root stats topic[0m[1;32m[0m
[1;32m[Msg] [0m[1;32mFound no publishers on /clock, adding root clock topic[0m[1;32m[0m
[1;36m[Dbg] [SimulationRunner.cc:551] [0m[1;36mCreating PostUpdate worker threads: [0m[1;36m1[0m[1;36m[0m
[1;36m[Dbg] [gz.cc:434] [0m[1;36mShutting down gz-sim-server[0m[1;36m[0m


layout=49012 run=2 seed=183816113
[1;32m[Msg] [0m[1;32mGazebo Sim Server v[0m[1;32m8.11.0[0m[1;32m[0m
[1;32m[Msg] [0m[1;32mSetting seed value: [0m[1;32m183816113[0m[1;32m[0m
[1;32m[Msg] [0m[1;32mLoading SDF world file[[0m[1;32m/home/dell/turtlebot4_project_mx050/mapex_lab/analysis/mx049_preflight_results/mx049_seed_probe.sdf[0m[1;32m].[0m
[1;32m[Msg] [0m[1;32mServing entity system service on [[0m[1;32m/[0m[1;32mentity/system/add[0m[1;32m][0m[1;32m[0m
[1;36m[Dbg] [Physics.cc:906] [0m[1;36mLoaded [[0m[1;36mgz::physics::dartsim::Plugin[0m[1;36m] from library [[0m[1;36m/opt/ros/jazzy/opt/gz_physics_vendor/lib/gz-physics-7/engine-plugins/libgz-physics-dartsim-plugin.so[0m[1;36m][0m[1;36m[0m
[1;36m[Dbg] [SystemManager.cc:80] [0m[1;36mLoaded system [[0m[1;36mgz::sim::systems::Physics[0m[1;36m] for entity [[0m[1;36m1[0m[1;36m][0m[1;36m[0m
[1;32m[Msg] [0m[1;32mLoaded level [[0m[1;32mdefault[0m[1;32m][0m[1;32m[0m
[1;32m[Msg] [0m[1;32mServing world controls on [[0m[1;32m/world/seed_probe[0m[1;32m/control], [[0m[1;32m/world/seed_probe[0m[1;32m/control/state] and [[0m[1;32m/world/seed_probe[0m[1;32m/playback/control][0m[1;32m[0m
[1;32m[Msg] [0m[1;32mServing GUI information on [[0m[1;32m/world/seed_probe[0m[1;32m/[0m[1;32mgui/info[0m[1;32m][0m[1;32m[0m
[1;32m[Msg] [0m[1;32mWorld [[0m[1;32mseed_probe[0m[1;32m] initialized with [[0m[1;32mdefault[0m[1;32m] physics profile.[0m[1;32m[0m
[1;32m[Msg] [0m[1;32mServing world SDF generation service on [[0m[1;32m/world/seed_probe[0m[1;32m/[0m[1;32mgenerate_world_sdf[0m[1;32m][0m[1;32m[0m
[1;32m[Msg] [0m[1;32mServing world names on [[0m[1;32m/gazebo/worlds[0m[1;32m][0m[1;32m[0m
[1;32m[Msg] [0m[1;32mResource path add service on [[0m[1;32m/gazebo/resource_paths/add[0m[1;32m].[0m[1;32m[0m
[1;32m[Msg] [0m[1;32mResource path get service on [[0m[1;32m/gazebo/resource_paths/get[0m[1;32m].[0m[1;32m[0m
[1;32m[Msg] [0m[1;32mResource path resolve service on [[0m[1;32m/gazebo/resource_paths/resolve[0m[1;32m].[0m[1;32m[0m
[1;32m[Msg] [0m[1;32mResource paths published on [[0m[1;32m/gazebo/resource_paths[0m[1;32m].[0m[1;32m[0m
[1;32m[Msg] [0m[1;32mServer control service on [[0m[1;32m/server_control[0m[1;32m].[0m[1;32m[0m
[1;32m[Msg] [0m[1;32mFound no publishers on /stats, adding root stats topic[0m[1;32m[0m
[1;32m[Msg] [0m[1;32mFound no publishers on /clock, adding root clock topic[0m[1;32m[0m
[1;36m[Dbg] [SimulationRunner.cc:551] [0m[1;36mCreating PostUpdate worker threads: [0m[1;36m1[0m[1;36m[0m
[1;36m[Dbg] [gz.cc:434] [0m[1;36mShutting down gz-sim-server[0m[1;36m[0m

