Frame: map
Rounds: 3
Goals per round: 4
  1. A_near_start: x=-1.535, y=-5.415, yaw=-3.037
  2. B_far_corner: x=-2.883, y=-5.323, yaw=1.716
  3. C_lower_corner: x=-2.763, y=-3.140, yaw=-0.035
  4. D_return: x=-1.239, y=-3.286, yaw=-1.461
Waiting for action server: /bot1/navigate_to_pose
Writing results to: /home/dell/turtlebot4_project/stage3_navigation_benchmark/benchmark_results_20260730_151159.csv

=== Round 1/3 ===
Press ENTER to send A_near_start (1/4), or Ctrl+C to stop: Sending A_near_start: x=-1.535, y=-5.415, yaw=-3.037
Result: SUCCEEDED | time=3.32s | path=0.37m | recoveries=0
Press ENTER to send B_far_corner (2/4), or Ctrl+C to stop: Sending B_far_corner: x=-2.883, y=-5.323, yaw=1.716
Result: SUCCEEDED | time=6.73s | path=1.34m | recoveries=0
Press ENTER to send C_lower_corner (3/4), or Ctrl+C to stop: Sending C_lower_corner: x=-2.763, y=-3.140, yaw=-0.035
Result: SUCCEEDED | time=10.67s | path=2.31m | recoveries=0
Press ENTER to send D_return (4/4), or Ctrl+C to stop: Sending D_return: x=-1.239, y=-3.286, yaw=-1.461
Result: SUCCEEDED | time=7.57s | path=1.65m | recoveries=0

=== Round 2/3 ===
Press ENTER to send A_near_start (1/4), or Ctrl+C to stop: Sending A_near_start: x=-1.535, y=-5.415, yaw=-3.037
Result: SUCCEEDED | time=11.35s | path=2.20m | recoveries=0
Press ENTER to send B_far_corner (2/4), or Ctrl+C to stop: Sending B_far_corner: x=-2.883, y=-5.323, yaw=1.716
Result: SUCCEEDED | time=6.75s | path=1.42m | recoveries=0
Press ENTER to send C_lower_corner (3/4), or Ctrl+C to stop: Sending C_lower_corner: x=-2.763, y=-3.140, yaw=-0.035
Result: SUCCEEDED | time=10.11s | path=2.16m | recoveries=0
Press ENTER to send D_return (4/4), or Ctrl+C to stop: Sending D_return: x=-1.239, y=-3.286, yaw=-1.461
Result: SUCCEEDED | time=7.59s | path=1.62m | recoveries=0

=== Round 3/3 ===
Press ENTER to send A_near_start (1/4), or Ctrl+C to stop: Sending A_near_start: x=-1.535, y=-5.415, yaw=-3.037
Result: SUCCEEDED | time=12.07s | path=2.30m | recoveries=0
Press ENTER to send B_far_corner (2/4), or Ctrl+C to stop: Sending B_far_corner: x=-2.883, y=-5.323, yaw=1.716
Result: SUCCEEDED | time=6.78s | path=1.40m | recoveries=0
Press ENTER to send C_lower_corner (3/4), or Ctrl+C to stop: Sending C_lower_corner: x=-2.763, y=-3.140, yaw=-0.035
Result: SUCCEEDED | time=10.24s | path=2.22m | recoveries=0
Press ENTER to send D_return (4/4), or Ctrl+C to stop: Sending D_return: x=-1.239, y=-3.286, yaw=-1.461
Result: SUCCEEDED | time=7.93s | path=1.63m | recoveries=0

Benchmark complete.
