layout=45001 run=1 seed=1244866064
[1;32m[Msg] [0m[1;32mGazebo Sim Server v[0m[1;32m8.11.0[0m[1;32m[0m
[1;32m[Msg] [0m[1;32mSetting seed value: [0m[1;32m1244866064[0m[1;32m[0m
[1;32m[Msg] [0m[1;32mLoading SDF world file[[0m[1;32m/work/com1/turtlebot4_project_mx046/mapex_lab/analysis/mx048_preflight_results/mx048_seed_probe.sdf[0m[1;32m].[0m
[1;32m[Msg] [0m[1;32mServing entity system service on [[0m[1;32m/[0m[1;32mentity/system/add[0m[1;32m][0m[1;32m[0m
[1;36m[Dbg] [Physics.cc:906] [0m[1;36mLoaded [[0m[1;36mgz::physics::dartsim::Plugin[0m[1;36m] from library [[0m[1;36m/opt/ros/jazzy/opt/gz_physics_vendor/lib/gz-physics-7/engine-plugins/libgz-physics-dartsim-plugin.so[0m[1;36m][0m[1;36m[0m
[1;36m[Dbg] [SystemManager.cc:80] [0m[1;36mLoaded system [[0m[1;36mgz::sim::systems::Physics[0m[1;36m] for entity [[0m[1;36m1[0m[1;36m][0m[1;36m[0m
[1;32m[Msg] [0m[1;32mLoaded level [[0m[1;32mdefault[0m[1;32m][0m[1;32m[0m
[1;32m[Msg] [0m[1;32mServing world controls on [[0m[1;32m/world/seed_probe[0m[1;32m/control], [[0m[1;32m/world/seed_probe[0m[1;32m/control/state] and [[0m[1;32m/world/seed_probe[0m[1;32m/playback/control][0m[1;32m[0m
[1;32m[Msg] [0m[1;32mServing GUI information on [[0m[1;32m/world/seed_probe[0m[1;32m/[0m[1;32mgui/info[0m[1;32m][0m[1;32m[0m
[1;32m[Msg] [0m[1;32mWorld [[0m[1;32mseed_probe[0m[1;32m] initialized with [[0m[1;32mdefault[0m[1;32m] physics profile.[0m[1;32m[0m
[1;32m[Msg] [0m[1;32mServing world SDF generation service on [[0m[1;32m/world/seed_probe[0m[1;32m/[0m[1;32mgenerate_world_sdf[0m[1;32m][0m[1;32m[0m
[1;32m[Msg] [0m[1;32mServing world names on [[0m[1;32m/gazebo/worlds[0m[1;32m][0m[1;32m[0m
[1;32m[Msg] [0m[1;32mResource path add service on [[0m[1;32m/gazebo/resource_paths/add[0m[1;32m].[0m[1;32m[0m
[1;32m[Msg] [0m[1;32mResource path get service on [[0m[1;32m/gazebo/resource_paths/get[0m[1;32m].[0m[1;32m[0m
[1;32m[Msg] [0m[1;32mResource path resolve service on [[0m[1;32m/gazebo/resource_paths/resolve[0m[1;32m].[0m[1;32m[0m
[1;32m[Msg] [0m[1;32mResource paths published on [[0m[1;32m/gazebo/resource_paths[0m[1;32m].[0m[1;32m[0m
[1;32m[Msg] [0m[1;32mServer control service on [[0m[1;32m/server_control[0m[1;32m].[0m[1;32m[0m
[1;32m[Msg] [0m[1;32mFound no publishers on /stats, adding root stats topic[0m[1;32m[0m
[1;32m[Msg] [0m[1;32mFound no publishers on /clock, adding root clock topic[0m[1;32m[0m
[1;36m[Dbg] [SimulationRunner.cc:551] [0m[1;36mCreating PostUpdate worker threads: [0m[1;36m1[0m[1;36m[0m
[1;36m[Dbg] [gz.cc:434] [0m[1;36mShutting down gz-sim-server[0m[1;36m[0m


layout=45001 run=2 seed=1092566608
[1;32m[Msg] [0m[1;32mGazebo Sim Server v[0m[1;32m8.11.0[0m[1;32m[0m
[1;32m[Msg] [0m[1;32mSetting seed value: [0m[1;32m1092566608[0m[1;32m[0m
[1;32m[Msg] [0m[1;32mLoading SDF world file[[0m[1;32m/work/com1/turtlebot4_project_mx046/mapex_lab/analysis/mx048_preflight_results/mx048_seed_probe.sdf[0m[1;32m].[0m
[1;32m[Msg] [0m[1;32mServing entity system service on [[0m[1;32m/[0m[1;32mentity/system/add[0m[1;32m][0m[1;32m[0m
[1;36m[Dbg] [Physics.cc:906] [0m[1;36mLoaded [[0m[1;36mgz::physics::dartsim::Plugin[0m[1;36m] from library [[0m[1;36m/opt/ros/jazzy/opt/gz_physics_vendor/lib/gz-physics-7/engine-plugins/libgz-physics-dartsim-plugin.so[0m[1;36m][0m[1;36m[0m
[1;36m[Dbg] [SystemManager.cc:80] [0m[1;36mLoaded system [[0m[1;36mgz::sim::systems::Physics[0m[1;36m] for entity [[0m[1;36m1[0m[1;36m][0m[1;36m[0m
[1;32m[Msg] [0m[1;32mLoaded level [[0m[1;32mdefault[0m[1;32m][0m[1;32m[0m
[1;32m[Msg] [0m[1;32mServing world controls on [[0m[1;32m/world/seed_probe[0m[1;32m/control], [[0m[1;32m/world/seed_probe[0m[1;32m/control/state] and [[0m[1;32m/world/seed_probe[0m[1;32m/playback/control][0m[1;32m[0m
[1;32m[Msg] [0m[1;32mServing GUI information on [[0m[1;32m/world/seed_probe[0m[1;32m/[0m[1;32mgui/info[0m[1;32m][0m[1;32m[0m
[1;32m[Msg] [0m[1;32mWorld [[0m[1;32mseed_probe[0m[1;32m] initialized with [[0m[1;32mdefault[0m[1;32m] physics profile.[0m[1;32m[0m
[1;32m[Msg] [0m[1;32mServing world SDF generation service on [[0m[1;32m/world/seed_probe[0m[1;32m/[0m[1;32mgenerate_world_sdf[0m[1;32m][0m[1;32m[0m
[1;32m[Msg] [0m[1;32mServing world names on [[0m[1;32m/gazebo/worlds[0m[1;32m][0m[1;32m[0m
[1;32m[Msg] [0m[1;32mResource path add service on [[0m[1;32m/gazebo/resource_paths/add[0m[1;32m].[0m[1;32m[0m
[1;32m[Msg] [0m[1;32mResource path get service on [[0m[1;32m/gazebo/resource_paths/get[0m[1;32m].[0m[1;32m[0m
[1;32m[Msg] [0m[1;32mResource path resolve service on [[0m[1;32m/gazebo/resource_paths/resolve[0m[1;32m].[0m[1;32m[0m
[1;32m[Msg] [0m[1;32mResource paths published on [[0m[1;32m/gazebo/resource_paths[0m[1;32m].[0m[1;32m[0m
[1;32m[Msg] [0m[1;32mServer control service on [[0m[1;32m/server_control[0m[1;32m].[0m[1;32m[0m
[1;32m[Msg] [0m[1;32mFound no publishers on /stats, adding root stats topic[0m[1;32m[0m
[1;32m[Msg] [0m[1;32mFound no publishers on /clock, adding root clock topic[0m[1;32m[0m
[1;36m[Dbg] [SimulationRunner.cc:551] [0m[1;36mCreating PostUpdate worker threads: [0m[1;36m1[0m[1;36m[0m
[1;36m[Dbg] [gz.cc:434] [0m[1;36mShutting down gz-sim-server[0m[1;36m[0m


layout=45002 run=1 seed=910799570
[1;32m[Msg] [0m[1;32mGazebo Sim Server v[0m[1;32m8.11.0[0m[1;32m[0m
[1;32m[Msg] [0m[1;32mSetting seed value: [0m[1;32m910799570[0m[1;32m[0m
[1;32m[Msg] [0m[1;32mLoading SDF world file[[0m[1;32m/work/com1/turtlebot4_project_mx046/mapex_lab/analysis/mx048_preflight_results/mx048_seed_probe.sdf[0m[1;32m].[0m
[1;32m[Msg] [0m[1;32mServing entity system service on [[0m[1;32m/[0m[1;32mentity/system/add[0m[1;32m][0m[1;32m[0m
[1;36m[Dbg] [Physics.cc:906] [0m[1;36mLoaded [[0m[1;36mgz::physics::dartsim::Plugin[0m[1;36m] from library [[0m[1;36m/opt/ros/jazzy/opt/gz_physics_vendor/lib/gz-physics-7/engine-plugins/libgz-physics-dartsim-plugin.so[0m[1;36m][0m[1;36m[0m
[1;36m[Dbg] [SystemManager.cc:80] [0m[1;36mLoaded system [[0m[1;36mgz::sim::systems::Physics[0m[1;36m] for entity [[0m[1;36m1[0m[1;36m][0m[1;36m[0m
[1;32m[Msg] [0m[1;32mLoaded level [[0m[1;32mdefault[0m[1;32m][0m[1;32m[0m
[1;32m[Msg] [0m[1;32mServing world controls on [[0m[1;32m/world/seed_probe[0m[1;32m/control], [[0m[1;32m/world/seed_probe[0m[1;32m/control/state] and [[0m[1;32m/world/seed_probe[0m[1;32m/playback/control][0m[1;32m[0m
[1;32m[Msg] [0m[1;32mServing GUI information on [[0m[1;32m/world/seed_probe[0m[1;32m/[0m[1;32mgui/info[0m[1;32m][0m[1;32m[0m
[1;32m[Msg] [0m[1;32mWorld [[0m[1;32mseed_probe[0m[1;32m] initialized with [[0m[1;32mdefault[0m[1;32m] physics profile.[0m[1;32m[0m
[1;32m[Msg] [0m[1;32mServing world SDF generation service on [[0m[1;32m/world/seed_probe[0m[1;32m/[0m[1;32mgenerate_world_sdf[0m[1;32m][0m[1;32m[0m
[1;32m[Msg] [0m[1;32mServing world names on [[0m[1;32m/gazebo/worlds[0m[1;32m][0m[1;32m[0m
[1;32m[Msg] [0m[1;32mResource path add service on [[0m[1;32m/gazebo/resource_paths/add[0m[1;32m].[0m[1;32m[0m
[1;32m[Msg] [0m[1;32mResource path get service on [[0m[1;32m/gazebo/resource_paths/get[0m[1;32m].[0m[1;32m[0m
[1;32m[Msg] [0m[1;32mResource path resolve service on [[0m[1;32m/gazebo/resource_paths/resolve[0m[1;32m].[0m[1;32m[0m
[1;32m[Msg] [0m[1;32mResource paths published on [[0m[1;32m/gazebo/resource_paths[0m[1;32m].[0m[1;32m[0m
[1;32m[Msg] [0m[1;32mServer control service on [[0m[1;32m/server_control[0m[1;32m].[0m[1;32m[0m
[1;32m[Msg] [0m[1;32mFound no publishers on /stats, adding root stats topic[0m[1;32m[0m
[1;32m[Msg] [0m[1;32mFound no publishers on /clock, adding root clock topic[0m[1;32m[0m
[1;36m[Dbg] [SimulationRunner.cc:551] [0m[1;36mCreating PostUpdate worker threads: [0m[1;36m1[0m[1;36m[0m
[1;36m[Dbg] [gz.cc:434] [0m[1;36mShutting down gz-sim-server[0m[1;36m[0m


layout=45002 run=2 seed=64248734
[1;32m[Msg] [0m[1;32mGazebo Sim Server v[0m[1;32m8.11.0[0m[1;32m[0m
[1;32m[Msg] [0m[1;32mSetting seed value: [0m[1;32m64248734[0m[1;32m[0m
[1;32m[Msg] [0m[1;32mLoading SDF world file[[0m[1;32m/work/com1/turtlebot4_project_mx046/mapex_lab/analysis/mx048_preflight_results/mx048_seed_probe.sdf[0m[1;32m].[0m
[1;32m[Msg] [0m[1;32mServing entity system service on [[0m[1;32m/[0m[1;32mentity/system/add[0m[1;32m][0m[1;32m[0m
[1;36m[Dbg] [Physics.cc:906] [0m[1;36mLoaded [[0m[1;36mgz::physics::dartsim::Plugin[0m[1;36m] from library [[0m[1;36m/opt/ros/jazzy/opt/gz_physics_vendor/lib/gz-physics-7/engine-plugins/libgz-physics-dartsim-plugin.so[0m[1;36m][0m[1;36m[0m
[1;36m[Dbg] [SystemManager.cc:80] [0m[1;36mLoaded system [[0m[1;36mgz::sim::systems::Physics[0m[1;36m] for entity [[0m[1;36m1[0m[1;36m][0m[1;36m[0m
[1;32m[Msg] [0m[1;32mLoaded level [[0m[1;32mdefault[0m[1;32m][0m[1;32m[0m
[1;32m[Msg] [0m[1;32mServing world controls on [[0m[1;32m/world/seed_probe[0m[1;32m/control], [[0m[1;32m/world/seed_probe[0m[1;32m/control/state] and [[0m[1;32m/world/seed_probe[0m[1;32m/playback/control][0m[1;32m[0m
[1;32m[Msg] [0m[1;32mServing GUI information on [[0m[1;32m/world/seed_probe[0m[1;32m/[0m[1;32mgui/info[0m[1;32m][0m[1;32m[0m
[1;32m[Msg] [0m[1;32mWorld [[0m[1;32mseed_probe[0m[1;32m] initialized with [[0m[1;32mdefault[0m[1;32m] physics profile.[0m[1;32m[0m
[1;32m[Msg] [0m[1;32mServing world SDF generation service on [[0m[1;32m/world/seed_probe[0m[1;32m/[0m[1;32mgenerate_world_sdf[0m[1;32m][0m[1;32m[0m
[1;32m[Msg] [0m[1;32mServing world names on [[0m[1;32m/gazebo/worlds[0m[1;32m][0m[1;32m[0m
[1;32m[Msg] [0m[1;32mResource path add service on [[0m[1;32m/gazebo/resource_paths/add[0m[1;32m].[0m[1;32m[0m
[1;32m[Msg] [0m[1;32mResource path get service on [[0m[1;32m/gazebo/resource_paths/get[0m[1;32m].[0m[1;32m[0m
[1;32m[Msg] [0m[1;32mResource path resolve service on [[0m[1;32m/gazebo/resource_paths/resolve[0m[1;32m].[0m[1;32m[0m
[1;32m[Msg] [0m[1;32mResource paths published on [[0m[1;32m/gazebo/resource_paths[0m[1;32m].[0m[1;32m[0m
[1;32m[Msg] [0m[1;32mServer control service on [[0m[1;32m/server_control[0m[1;32m].[0m[1;32m[0m
[1;32m[Msg] [0m[1;32mFound no publishers on /stats, adding root stats topic[0m[1;32m[0m
[1;32m[Msg] [0m[1;32mFound no publishers on /clock, adding root clock topic[0m[1;32m[0m
[1;36m[Dbg] [SimulationRunner.cc:551] [0m[1;36mCreating PostUpdate worker threads: [0m[1;36m1[0m[1;36m[0m
[1;36m[Dbg] [gz.cc:434] [0m[1;36mShutting down gz-sim-server[0m[1;36m[0m


layout=45003 run=1 seed=80173975
[1;32m[Msg] [0m[1;32mGazebo Sim Server v[0m[1;32m8.11.0[0m[1;32m[0m
[1;32m[Msg] [0m[1;32mSetting seed value: [0m[1;32m80173975[0m[1;32m[0m
[1;32m[Msg] [0m[1;32mLoading SDF world file[[0m[1;32m/work/com1/turtlebot4_project_mx046/mapex_lab/analysis/mx048_preflight_results/mx048_seed_probe.sdf[0m[1;32m].[0m
[1;32m[Msg] [0m[1;32mServing entity system service on [[0m[1;32m/[0m[1;32mentity/system/add[0m[1;32m][0m[1;32m[0m
[1;36m[Dbg] [Physics.cc:906] [0m[1;36mLoaded [[0m[1;36mgz::physics::dartsim::Plugin[0m[1;36m] from library [[0m[1;36m/opt/ros/jazzy/opt/gz_physics_vendor/lib/gz-physics-7/engine-plugins/libgz-physics-dartsim-plugin.so[0m[1;36m][0m[1;36m[0m
[1;36m[Dbg] [SystemManager.cc:80] [0m[1;36mLoaded system [[0m[1;36mgz::sim::systems::Physics[0m[1;36m] for entity [[0m[1;36m1[0m[1;36m][0m[1;36m[0m
[1;32m[Msg] [0m[1;32mLoaded level [[0m[1;32mdefault[0m[1;32m][0m[1;32m[0m
[1;32m[Msg] [0m[1;32mServing world controls on [[0m[1;32m/world/seed_probe[0m[1;32m/control], [[0m[1;32m/world/seed_probe[0m[1;32m/control/state] and [[0m[1;32m/world/seed_probe[0m[1;32m/playback/control][0m[1;32m[0m
[1;32m[Msg] [0m[1;32mServing GUI information on [[0m[1;32m/world/seed_probe[0m[1;32m/[0m[1;32mgui/info[0m[1;32m][0m[1;32m[0m
[1;32m[Msg] [0m[1;32mWorld [[0m[1;32mseed_probe[0m[1;32m] initialized with [[0m[1;32mdefault[0m[1;32m] physics profile.[0m[1;32m[0m
[1;32m[Msg] [0m[1;32mServing world SDF generation service on [[0m[1;32m/world/seed_probe[0m[1;32m/[0m[1;32mgenerate_world_sdf[0m[1;32m][0m[1;32m[0m
[1;32m[Msg] [0m[1;32mServing world names on [[0m[1;32m/gazebo/worlds[0m[1;32m][0m[1;32m[0m
[1;32m[Msg] [0m[1;32mResource path add service on [[0m[1;32m/gazebo/resource_paths/add[0m[1;32m].[0m[1;32m[0m
[1;32m[Msg] [0m[1;32mResource path get service on [[0m[1;32m/gazebo/resource_paths/get[0m[1;32m].[0m[1;32m[0m
[1;32m[Msg] [0m[1;32mResource path resolve service on [[0m[1;32m/gazebo/resource_paths/resolve[0m[1;32m].[0m[1;32m[0m
[1;32m[Msg] [0m[1;32mResource paths published on [[0m[1;32m/gazebo/resource_paths[0m[1;32m].[0m[1;32m[0m
[1;32m[Msg] [0m[1;32mServer control service on [[0m[1;32m/server_control[0m[1;32m].[0m[1;32m[0m
[1;32m[Msg] [0m[1;32mFound no publishers on /stats, adding root stats topic[0m[1;32m[0m
[1;32m[Msg] [0m[1;32mFound no publishers on /clock, adding root clock topic[0m[1;32m[0m
[1;36m[Dbg] [SimulationRunner.cc:551] [0m[1;36mCreating PostUpdate worker threads: [0m[1;36m1[0m[1;36m[0m
[1;36m[Dbg] [gz.cc:434] [0m[1;36mShutting down gz-sim-server[0m[1;36m[0m


layout=45003 run=2 seed=1024370334
[1;32m[Msg] [0m[1;32mGazebo Sim Server v[0m[1;32m8.11.0[0m[1;32m[0m
[1;32m[Msg] [0m[1;32mSetting seed value: [0m[1;32m1024370334[0m[1;32m[0m
[1;32m[Msg] [0m[1;32mLoading SDF world file[[0m[1;32m/work/com1/turtlebot4_project_mx046/mapex_lab/analysis/mx048_preflight_results/mx048_seed_probe.sdf[0m[1;32m].[0m
[1;32m[Msg] [0m[1;32mServing entity system service on [[0m[1;32m/[0m[1;32mentity/system/add[0m[1;32m][0m[1;32m[0m
[1;36m[Dbg] [Physics.cc:906] [0m[1;36mLoaded [[0m[1;36mgz::physics::dartsim::Plugin[0m[1;36m] from library [[0m[1;36m/opt/ros/jazzy/opt/gz_physics_vendor/lib/gz-physics-7/engine-plugins/libgz-physics-dartsim-plugin.so[0m[1;36m][0m[1;36m[0m
[1;36m[Dbg] [SystemManager.cc:80] [0m[1;36mLoaded system [[0m[1;36mgz::sim::systems::Physics[0m[1;36m] for entity [[0m[1;36m1[0m[1;36m][0m[1;36m[0m
[1;32m[Msg] [0m[1;32mLoaded level [[0m[1;32mdefault[0m[1;32m][0m[1;32m[0m
[1;32m[Msg] [0m[1;32mServing world controls on [[0m[1;32m/world/seed_probe[0m[1;32m/control], [[0m[1;32m/world/seed_probe[0m[1;32m/control/state] and [[0m[1;32m/world/seed_probe[0m[1;32m/playback/control][0m[1;32m[0m
[1;32m[Msg] [0m[1;32mServing GUI information on [[0m[1;32m/world/seed_probe[0m[1;32m/[0m[1;32mgui/info[0m[1;32m][0m[1;32m[0m
[1;32m[Msg] [0m[1;32mWorld [[0m[1;32mseed_probe[0m[1;32m] initialized with [[0m[1;32mdefault[0m[1;32m] physics profile.[0m[1;32m[0m
[1;32m[Msg] [0m[1;32mServing world SDF generation service on [[0m[1;32m/world/seed_probe[0m[1;32m/[0m[1;32mgenerate_world_sdf[0m[1;32m][0m[1;32m[0m
[1;32m[Msg] [0m[1;32mServing world names on [[0m[1;32m/gazebo/worlds[0m[1;32m][0m[1;32m[0m
[1;32m[Msg] [0m[1;32mResource path add service on [[0m[1;32m/gazebo/resource_paths/add[0m[1;32m].[0m[1;32m[0m
[1;32m[Msg] [0m[1;32mResource path get service on [[0m[1;32m/gazebo/resource_paths/get[0m[1;32m].[0m[1;32m[0m
[1;32m[Msg] [0m[1;32mResource path resolve service on [[0m[1;32m/gazebo/resource_paths/resolve[0m[1;32m].[0m[1;32m[0m
[1;32m[Msg] [0m[1;32mResource paths published on [[0m[1;32m/gazebo/resource_paths[0m[1;32m].[0m[1;32m[0m
[1;32m[Msg] [0m[1;32mServer control service on [[0m[1;32m/server_control[0m[1;32m].[0m[1;32m[0m
[1;32m[Msg] [0m[1;32mFound no publishers on /stats, adding root stats topic[0m[1;32m[0m
[1;32m[Msg] [0m[1;32mFound no publishers on /clock, adding root clock topic[0m[1;32m[0m
[1;36m[Dbg] [SimulationRunner.cc:551] [0m[1;36mCreating PostUpdate worker threads: [0m[1;36m1[0m[1;36m[0m
[1;36m[Dbg] [gz.cc:434] [0m[1;36mShutting down gz-sim-server[0m[1;36m[0m


layout=45004 run=1 seed=669022910
[1;32m[Msg] [0m[1;32mGazebo Sim Server v[0m[1;32m8.11.0[0m[1;32m[0m
[1;32m[Msg] [0m[1;32mSetting seed value: [0m[1;32m669022910[0m[1;32m[0m
[1;32m[Msg] [0m[1;32mLoading SDF world file[[0m[1;32m/work/com1/turtlebot4_project_mx046/mapex_lab/analysis/mx048_preflight_results/mx048_seed_probe.sdf[0m[1;32m].[0m
[1;32m[Msg] [0m[1;32mServing entity system service on [[0m[1;32m/[0m[1;32mentity/system/add[0m[1;32m][0m[1;32m[0m
[1;36m[Dbg] [Physics.cc:906] [0m[1;36mLoaded [[0m[1;36mgz::physics::dartsim::Plugin[0m[1;36m] from library [[0m[1;36m/opt/ros/jazzy/opt/gz_physics_vendor/lib/gz-physics-7/engine-plugins/libgz-physics-dartsim-plugin.so[0m[1;36m][0m[1;36m[0m
[1;36m[Dbg] [SystemManager.cc:80] [0m[1;36mLoaded system [[0m[1;36mgz::sim::systems::Physics[0m[1;36m] for entity [[0m[1;36m1[0m[1;36m][0m[1;36m[0m
[1;32m[Msg] [0m[1;32mLoaded level [[0m[1;32mdefault[0m[1;32m][0m[1;32m[0m
[1;32m[Msg] [0m[1;32mServing world controls on [[0m[1;32m/world/seed_probe[0m[1;32m/control], [[0m[1;32m/world/seed_probe[0m[1;32m/control/state] and [[0m[1;32m/world/seed_probe[0m[1;32m/playback/control][0m[1;32m[0m
[1;32m[Msg] [0m[1;32mServing GUI information on [[0m[1;32m/world/seed_probe[0m[1;32m/[0m[1;32mgui/info[0m[1;32m][0m[1;32m[0m
[1;32m[Msg] [0m[1;32mWorld [[0m[1;32mseed_probe[0m[1;32m] initialized with [[0m[1;32mdefault[0m[1;32m] physics profile.[0m[1;32m[0m
[1;32m[Msg] [0m[1;32mServing world SDF generation service on [[0m[1;32m/world/seed_probe[0m[1;32m/[0m[1;32mgenerate_world_sdf[0m[1;32m][0m[1;32m[0m
[1;32m[Msg] [0m[1;32mServing world names on [[0m[1;32m/gazebo/worlds[0m[1;32m][0m[1;32m[0m
[1;32m[Msg] [0m[1;32mResource path add service on [[0m[1;32m/gazebo/resource_paths/add[0m[1;32m].[0m[1;32m[0m
[1;32m[Msg] [0m[1;32mResource path get service on [[0m[1;32m/gazebo/resource_paths/get[0m[1;32m].[0m[1;32m[0m
[1;32m[Msg] [0m[1;32mResource path resolve service on [[0m[1;32m/gazebo/resource_paths/resolve[0m[1;32m].[0m[1;32m[0m
[1;32m[Msg] [0m[1;32mResource paths published on [[0m[1;32m/gazebo/resource_paths[0m[1;32m].[0m[1;32m[0m
[1;32m[Msg] [0m[1;32mServer control service on [[0m[1;32m/server_control[0m[1;32m].[0m[1;32m[0m
[1;32m[Msg] [0m[1;32mFound no publishers on /stats, adding root stats topic[0m[1;32m[0m
[1;32m[Msg] [0m[1;32mFound no publishers on /clock, adding root clock topic[0m[1;32m[0m
[1;36m[Dbg] [SimulationRunner.cc:551] [0m[1;36mCreating PostUpdate worker threads: [0m[1;36m1[0m[1;36m[0m
[1;36m[Dbg] [gz.cc:434] [0m[1;36mShutting down gz-sim-server[0m[1;36m[0m


layout=45004 run=2 seed=148429825
[1;32m[Msg] [0m[1;32mGazebo Sim Server v[0m[1;32m8.11.0[0m[1;32m[0m
[1;32m[Msg] [0m[1;32mSetting seed value: [0m[1;32m148429825[0m[1;32m[0m
[1;32m[Msg] [0m[1;32mLoading SDF world file[[0m[1;32m/work/com1/turtlebot4_project_mx046/mapex_lab/analysis/mx048_preflight_results/mx048_seed_probe.sdf[0m[1;32m].[0m
[1;32m[Msg] [0m[1;32mServing entity system service on [[0m[1;32m/[0m[1;32mentity/system/add[0m[1;32m][0m[1;32m[0m
[1;36m[Dbg] [Physics.cc:906] [0m[1;36mLoaded [[0m[1;36mgz::physics::dartsim::Plugin[0m[1;36m] from library [[0m[1;36m/opt/ros/jazzy/opt/gz_physics_vendor/lib/gz-physics-7/engine-plugins/libgz-physics-dartsim-plugin.so[0m[1;36m][0m[1;36m[0m
[1;36m[Dbg] [SystemManager.cc:80] [0m[1;36mLoaded system [[0m[1;36mgz::sim::systems::Physics[0m[1;36m] for entity [[0m[1;36m1[0m[1;36m][0m[1;36m[0m
[1;32m[Msg] [0m[1;32mLoaded level [[0m[1;32mdefault[0m[1;32m][0m[1;32m[0m
[1;32m[Msg] [0m[1;32mServing world controls on [[0m[1;32m/world/seed_probe[0m[1;32m/control], [[0m[1;32m/world/seed_probe[0m[1;32m/control/state] and [[0m[1;32m/world/seed_probe[0m[1;32m/playback/control][0m[1;32m[0m
[1;32m[Msg] [0m[1;32mServing GUI information on [[0m[1;32m/world/seed_probe[0m[1;32m/[0m[1;32mgui/info[0m[1;32m][0m[1;32m[0m
[1;32m[Msg] [0m[1;32mWorld [[0m[1;32mseed_probe[0m[1;32m] initialized with [[0m[1;32mdefault[0m[1;32m] physics profile.[0m[1;32m[0m
[1;32m[Msg] [0m[1;32mServing world SDF generation service on [[0m[1;32m/world/seed_probe[0m[1;32m/[0m[1;32mgenerate_world_sdf[0m[1;32m][0m[1;32m[0m
[1;32m[Msg] [0m[1;32mServing world names on [[0m[1;32m/gazebo/worlds[0m[1;32m][0m[1;32m[0m
[1;32m[Msg] [0m[1;32mResource path add service on [[0m[1;32m/gazebo/resource_paths/add[0m[1;32m].[0m[1;32m[0m
[1;32m[Msg] [0m[1;32mResource path get service on [[0m[1;32m/gazebo/resource_paths/get[0m[1;32m].[0m[1;32m[0m
[1;32m[Msg] [0m[1;32mResource path resolve service on [[0m[1;32m/gazebo/resource_paths/resolve[0m[1;32m].[0m[1;32m[0m
[1;32m[Msg] [0m[1;32mResource paths published on [[0m[1;32m/gazebo/resource_paths[0m[1;32m].[0m[1;32m[0m
[1;32m[Msg] [0m[1;32mServer control service on [[0m[1;32m/server_control[0m[1;32m].[0m[1;32m[0m
[1;32m[Msg] [0m[1;32mFound no publishers on /stats, adding root stats topic[0m[1;32m[0m
[1;32m[Msg] [0m[1;32mFound no publishers on /clock, adding root clock topic[0m[1;32m[0m
[1;36m[Dbg] [SimulationRunner.cc:551] [0m[1;36mCreating PostUpdate worker threads: [0m[1;36m1[0m[1;36m[0m
[1;36m[Dbg] [gz.cc:434] [0m[1;36mShutting down gz-sim-server[0m[1;36m[0m


layout=45005 run=1 seed=232344439
[1;32m[Msg] [0m[1;32mGazebo Sim Server v[0m[1;32m8.11.0[0m[1;32m[0m
[1;32m[Msg] [0m[1;32mSetting seed value: [0m[1;32m232344439[0m[1;32m[0m
[1;32m[Msg] [0m[1;32mLoading SDF world file[[0m[1;32m/work/com1/turtlebot4_project_mx046/mapex_lab/analysis/mx048_preflight_results/mx048_seed_probe.sdf[0m[1;32m].[0m
[1;32m[Msg] [0m[1;32mServing entity system service on [[0m[1;32m/[0m[1;32mentity/system/add[0m[1;32m][0m[1;32m[0m
[1;36m[Dbg] [Physics.cc:906] [0m[1;36mLoaded [[0m[1;36mgz::physics::dartsim::Plugin[0m[1;36m] from library [[0m[1;36m/opt/ros/jazzy/opt/gz_physics_vendor/lib/gz-physics-7/engine-plugins/libgz-physics-dartsim-plugin.so[0m[1;36m][0m[1;36m[0m
[1;36m[Dbg] [SystemManager.cc:80] [0m[1;36mLoaded system [[0m[1;36mgz::sim::systems::Physics[0m[1;36m] for entity [[0m[1;36m1[0m[1;36m][0m[1;36m[0m
[1;32m[Msg] [0m[1;32mLoaded level [[0m[1;32mdefault[0m[1;32m][0m[1;32m[0m
[1;32m[Msg] [0m[1;32mServing world controls on [[0m[1;32m/world/seed_probe[0m[1;32m/control], [[0m[1;32m/world/seed_probe[0m[1;32m/control/state] and [[0m[1;32m/world/seed_probe[0m[1;32m/playback/control][0m[1;32m[0m
[1;32m[Msg] [0m[1;32mServing GUI information on [[0m[1;32m/world/seed_probe[0m[1;32m/[0m[1;32mgui/info[0m[1;32m][0m[1;32m[0m
[1;32m[Msg] [0m[1;32mWorld [[0m[1;32mseed_probe[0m[1;32m] initialized with [[0m[1;32mdefault[0m[1;32m] physics profile.[0m[1;32m[0m
[1;32m[Msg] [0m[1;32mServing world SDF generation service on [[0m[1;32m/world/seed_probe[0m[1;32m/[0m[1;32mgenerate_world_sdf[0m[1;32m][0m[1;32m[0m
[1;32m[Msg] [0m[1;32mServing world names on [[0m[1;32m/gazebo/worlds[0m[1;32m][0m[1;32m[0m
[1;32m[Msg] [0m[1;32mResource path add service on [[0m[1;32m/gazebo/resource_paths/add[0m[1;32m].[0m[1;32m[0m
[1;32m[Msg] [0m[1;32mResource path get service on [[0m[1;32m/gazebo/resource_paths/get[0m[1;32m].[0m[1;32m[0m
[1;32m[Msg] [0m[1;32mResource path resolve service on [[0m[1;32m/gazebo/resource_paths/resolve[0m[1;32m].[0m[1;32m[0m
[1;32m[Msg] [0m[1;32mResource paths published on [[0m[1;32m/gazebo/resource_paths[0m[1;32m].[0m[1;32m[0m
[1;32m[Msg] [0m[1;32mServer control service on [[0m[1;32m/server_control[0m[1;32m].[0m[1;32m[0m
[1;32m[Msg] [0m[1;32mFound no publishers on /stats, adding root stats topic[0m[1;32m[0m
[1;32m[Msg] [0m[1;32mFound no publishers on /clock, adding root clock topic[0m[1;32m[0m
[1;36m[Dbg] [SimulationRunner.cc:551] [0m[1;36mCreating PostUpdate worker threads: [0m[1;36m1[0m[1;36m[0m
[1;36m[Dbg] [gz.cc:434] [0m[1;36mShutting down gz-sim-server[0m[1;36m[0m


layout=45005 run=2 seed=131286457
[1;32m[Msg] [0m[1;32mGazebo Sim Server v[0m[1;32m8.11.0[0m[1;32m[0m
[1;32m[Msg] [0m[1;32mSetting seed value: [0m[1;32m131286457[0m[1;32m[0m
[1;32m[Msg] [0m[1;32mLoading SDF world file[[0m[1;32m/work/com1/turtlebot4_project_mx046/mapex_lab/analysis/mx048_preflight_results/mx048_seed_probe.sdf[0m[1;32m].[0m
[1;32m[Msg] [0m[1;32mServing entity system service on [[0m[1;32m/[0m[1;32mentity/system/add[0m[1;32m][0m[1;32m[0m
[1;36m[Dbg] [Physics.cc:906] [0m[1;36mLoaded [[0m[1;36mgz::physics::dartsim::Plugin[0m[1;36m] from library [[0m[1;36m/opt/ros/jazzy/opt/gz_physics_vendor/lib/gz-physics-7/engine-plugins/libgz-physics-dartsim-plugin.so[0m[1;36m][0m[1;36m[0m
[1;36m[Dbg] [SystemManager.cc:80] [0m[1;36mLoaded system [[0m[1;36mgz::sim::systems::Physics[0m[1;36m] for entity [[0m[1;36m1[0m[1;36m][0m[1;36m[0m
[1;32m[Msg] [0m[1;32mLoaded level [[0m[1;32mdefault[0m[1;32m][0m[1;32m[0m
[1;32m[Msg] [0m[1;32mServing world controls on [[0m[1;32m/world/seed_probe[0m[1;32m/control], [[0m[1;32m/world/seed_probe[0m[1;32m/control/state] and [[0m[1;32m/world/seed_probe[0m[1;32m/playback/control][0m[1;32m[0m
[1;32m[Msg] [0m[1;32mServing GUI information on [[0m[1;32m/world/seed_probe[0m[1;32m/[0m[1;32mgui/info[0m[1;32m][0m[1;32m[0m
[1;32m[Msg] [0m[1;32mWorld [[0m[1;32mseed_probe[0m[1;32m] initialized with [[0m[1;32mdefault[0m[1;32m] physics profile.[0m[1;32m[0m
[1;32m[Msg] [0m[1;32mServing world SDF generation service on [[0m[1;32m/world/seed_probe[0m[1;32m/[0m[1;32mgenerate_world_sdf[0m[1;32m][0m[1;32m[0m
[1;32m[Msg] [0m[1;32mServing world names on [[0m[1;32m/gazebo/worlds[0m[1;32m][0m[1;32m[0m
[1;32m[Msg] [0m[1;32mResource path add service on [[0m[1;32m/gazebo/resource_paths/add[0m[1;32m].[0m[1;32m[0m
[1;32m[Msg] [0m[1;32mResource path get service on [[0m[1;32m/gazebo/resource_paths/get[0m[1;32m].[0m[1;32m[0m
[1;32m[Msg] [0m[1;32mResource path resolve service on [[0m[1;32m/gazebo/resource_paths/resolve[0m[1;32m].[0m[1;32m[0m
[1;32m[Msg] [0m[1;32mResource paths published on [[0m[1;32m/gazebo/resource_paths[0m[1;32m].[0m[1;32m[0m
[1;32m[Msg] [0m[1;32mServer control service on [[0m[1;32m/server_control[0m[1;32m].[0m[1;32m[0m
[1;32m[Msg] [0m[1;32mFound no publishers on /stats, adding root stats topic[0m[1;32m[0m
[1;32m[Msg] [0m[1;32mFound no publishers on /clock, adding root clock topic[0m[1;32m[0m
[1;36m[Dbg] [SimulationRunner.cc:551] [0m[1;36mCreating PostUpdate worker threads: [0m[1;36m1[0m[1;36m[0m
[1;36m[Dbg] [gz.cc:434] [0m[1;36mShutting down gz-sim-server[0m[1;36m[0m


layout=45006 run=1 seed=508165978
[1;32m[Msg] [0m[1;32mGazebo Sim Server v[0m[1;32m8.11.0[0m[1;32m[0m
[1;32m[Msg] [0m[1;32mSetting seed value: [0m[1;32m508165978[0m[1;32m[0m
[1;32m[Msg] [0m[1;32mLoading SDF world file[[0m[1;32m/work/com1/turtlebot4_project_mx046/mapex_lab/analysis/mx048_preflight_results/mx048_seed_probe.sdf[0m[1;32m].[0m
[1;32m[Msg] [0m[1;32mServing entity system service on [[0m[1;32m/[0m[1;32mentity/system/add[0m[1;32m][0m[1;32m[0m
[1;36m[Dbg] [Physics.cc:906] [0m[1;36mLoaded [[0m[1;36mgz::physics::dartsim::Plugin[0m[1;36m] from library [[0m[1;36m/opt/ros/jazzy/opt/gz_physics_vendor/lib/gz-physics-7/engine-plugins/libgz-physics-dartsim-plugin.so[0m[1;36m][0m[1;36m[0m
[1;36m[Dbg] [SystemManager.cc:80] [0m[1;36mLoaded system [[0m[1;36mgz::sim::systems::Physics[0m[1;36m] for entity [[0m[1;36m1[0m[1;36m][0m[1;36m[0m
[1;32m[Msg] [0m[1;32mLoaded level [[0m[1;32mdefault[0m[1;32m][0m[1;32m[0m
[1;32m[Msg] [0m[1;32mServing world controls on [[0m[1;32m/world/seed_probe[0m[1;32m/control], [[0m[1;32m/world/seed_probe[0m[1;32m/control/state] and [[0m[1;32m/world/seed_probe[0m[1;32m/playback/control][0m[1;32m[0m
[1;32m[Msg] [0m[1;32mServing GUI information on [[0m[1;32m/world/seed_probe[0m[1;32m/[0m[1;32mgui/info[0m[1;32m][0m[1;32m[0m
[1;32m[Msg] [0m[1;32mWorld [[0m[1;32mseed_probe[0m[1;32m] initialized with [[0m[1;32mdefault[0m[1;32m] physics profile.[0m[1;32m[0m
[1;32m[Msg] [0m[1;32mServing world SDF generation service on [[0m[1;32m/world/seed_probe[0m[1;32m/[0m[1;32mgenerate_world_sdf[0m[1;32m][0m[1;32m[0m
[1;32m[Msg] [0m[1;32mServing world names on [[0m[1;32m/gazebo/worlds[0m[1;32m][0m[1;32m[0m
[1;32m[Msg] [0m[1;32mResource path add service on [[0m[1;32m/gazebo/resource_paths/add[0m[1;32m].[0m[1;32m[0m
[1;32m[Msg] [0m[1;32mResource path get service on [[0m[1;32m/gazebo/resource_paths/get[0m[1;32m].[0m[1;32m[0m
[1;32m[Msg] [0m[1;32mResource path resolve service on [[0m[1;32m/gazebo/resource_paths/resolve[0m[1;32m].[0m[1;32m[0m
[1;32m[Msg] [0m[1;32mResource paths published on [[0m[1;32m/gazebo/resource_paths[0m[1;32m].[0m[1;32m[0m
[1;32m[Msg] [0m[1;32mServer control service on [[0m[1;32m/server_control[0m[1;32m].[0m[1;32m[0m
[1;32m[Msg] [0m[1;32mFound no publishers on /stats, adding root stats topic[0m[1;32m[0m
[1;32m[Msg] [0m[1;32mFound no publishers on /clock, adding root clock topic[0m[1;32m[0m
[1;36m[Dbg] [SimulationRunner.cc:551] [0m[1;36mCreating PostUpdate worker threads: [0m[1;36m1[0m[1;36m[0m
[1;36m[Dbg] [gz.cc:434] [0m[1;36mShutting down gz-sim-server[0m[1;36m[0m


layout=45006 run=2 seed=1771767943
[1;32m[Msg] [0m[1;32mGazebo Sim Server v[0m[1;32m8.11.0[0m[1;32m[0m
[1;32m[Msg] [0m[1;32mSetting seed value: [0m[1;32m1771767943[0m[1;32m[0m
[1;32m[Msg] [0m[1;32mLoading SDF world file[[0m[1;32m/work/com1/turtlebot4_project_mx046/mapex_lab/analysis/mx048_preflight_results/mx048_seed_probe.sdf[0m[1;32m].[0m
[1;32m[Msg] [0m[1;32mServing entity system service on [[0m[1;32m/[0m[1;32mentity/system/add[0m[1;32m][0m[1;32m[0m
[1;36m[Dbg] [Physics.cc:906] [0m[1;36mLoaded [[0m[1;36mgz::physics::dartsim::Plugin[0m[1;36m] from library [[0m[1;36m/opt/ros/jazzy/opt/gz_physics_vendor/lib/gz-physics-7/engine-plugins/libgz-physics-dartsim-plugin.so[0m[1;36m][0m[1;36m[0m
[1;36m[Dbg] [SystemManager.cc:80] [0m[1;36mLoaded system [[0m[1;36mgz::sim::systems::Physics[0m[1;36m] for entity [[0m[1;36m1[0m[1;36m][0m[1;36m[0m
[1;32m[Msg] [0m[1;32mLoaded level [[0m[1;32mdefault[0m[1;32m][0m[1;32m[0m
[1;32m[Msg] [0m[1;32mServing world controls on [[0m[1;32m/world/seed_probe[0m[1;32m/control], [[0m[1;32m/world/seed_probe[0m[1;32m/control/state] and [[0m[1;32m/world/seed_probe[0m[1;32m/playback/control][0m[1;32m[0m
[1;32m[Msg] [0m[1;32mServing GUI information on [[0m[1;32m/world/seed_probe[0m[1;32m/[0m[1;32mgui/info[0m[1;32m][0m[1;32m[0m
[1;32m[Msg] [0m[1;32mWorld [[0m[1;32mseed_probe[0m[1;32m] initialized with [[0m[1;32mdefault[0m[1;32m] physics profile.[0m[1;32m[0m
[1;32m[Msg] [0m[1;32mServing world SDF generation service on [[0m[1;32m/world/seed_probe[0m[1;32m/[0m[1;32mgenerate_world_sdf[0m[1;32m][0m[1;32m[0m
[1;32m[Msg] [0m[1;32mServing world names on [[0m[1;32m/gazebo/worlds[0m[1;32m][0m[1;32m[0m
[1;32m[Msg] [0m[1;32mResource path add service on [[0m[1;32m/gazebo/resource_paths/add[0m[1;32m].[0m[1;32m[0m
[1;32m[Msg] [0m[1;32mResource path get service on [[0m[1;32m/gazebo/resource_paths/get[0m[1;32m].[0m[1;32m[0m
[1;32m[Msg] [0m[1;32mResource path resolve service on [[0m[1;32m/gazebo/resource_paths/resolve[0m[1;32m].[0m[1;32m[0m
[1;32m[Msg] [0m[1;32mResource paths published on [[0m[1;32m/gazebo/resource_paths[0m[1;32m].[0m[1;32m[0m
[1;32m[Msg] [0m[1;32mServer control service on [[0m[1;32m/server_control[0m[1;32m].[0m[1;32m[0m
[1;32m[Msg] [0m[1;32mFound no publishers on /stats, adding root stats topic[0m[1;32m[0m
[1;32m[Msg] [0m[1;32mFound no publishers on /clock, adding root clock topic[0m[1;32m[0m
[1;36m[Dbg] [SimulationRunner.cc:551] [0m[1;36mCreating PostUpdate worker threads: [0m[1;36m1[0m[1;36m[0m
[1;36m[Dbg] [gz.cc:434] [0m[1;36mShutting down gz-sim-server[0m[1;36m[0m


layout=45007 run=1 seed=535017476
[1;32m[Msg] [0m[1;32mGazebo Sim Server v[0m[1;32m8.11.0[0m[1;32m[0m
[1;32m[Msg] [0m[1;32mSetting seed value: [0m[1;32m535017476[0m[1;32m[0m
[1;32m[Msg] [0m[1;32mLoading SDF world file[[0m[1;32m/work/com1/turtlebot4_project_mx046/mapex_lab/analysis/mx048_preflight_results/mx048_seed_probe.sdf[0m[1;32m].[0m
[1;32m[Msg] [0m[1;32mServing entity system service on [[0m[1;32m/[0m[1;32mentity/system/add[0m[1;32m][0m[1;32m[0m
[1;36m[Dbg] [Physics.cc:906] [0m[1;36mLoaded [[0m[1;36mgz::physics::dartsim::Plugin[0m[1;36m] from library [[0m[1;36m/opt/ros/jazzy/opt/gz_physics_vendor/lib/gz-physics-7/engine-plugins/libgz-physics-dartsim-plugin.so[0m[1;36m][0m[1;36m[0m
[1;36m[Dbg] [SystemManager.cc:80] [0m[1;36mLoaded system [[0m[1;36mgz::sim::systems::Physics[0m[1;36m] for entity [[0m[1;36m1[0m[1;36m][0m[1;36m[0m
[1;32m[Msg] [0m[1;32mLoaded level [[0m[1;32mdefault[0m[1;32m][0m[1;32m[0m
[1;32m[Msg] [0m[1;32mServing world controls on [[0m[1;32m/world/seed_probe[0m[1;32m/control], [[0m[1;32m/world/seed_probe[0m[1;32m/control/state] and [[0m[1;32m/world/seed_probe[0m[1;32m/playback/control][0m[1;32m[0m
[1;32m[Msg] [0m[1;32mServing GUI information on [[0m[1;32m/world/seed_probe[0m[1;32m/[0m[1;32mgui/info[0m[1;32m][0m[1;32m[0m
[1;32m[Msg] [0m[1;32mWorld [[0m[1;32mseed_probe[0m[1;32m] initialized with [[0m[1;32mdefault[0m[1;32m] physics profile.[0m[1;32m[0m
[1;32m[Msg] [0m[1;32mServing world SDF generation service on [[0m[1;32m/world/seed_probe[0m[1;32m/[0m[1;32mgenerate_world_sdf[0m[1;32m][0m[1;32m[0m
[1;32m[Msg] [0m[1;32mServing world names on [[0m[1;32m/gazebo/worlds[0m[1;32m][0m[1;32m[0m
[1;32m[Msg] [0m[1;32mResource path add service on [[0m[1;32m/gazebo/resource_paths/add[0m[1;32m].[0m[1;32m[0m
[1;32m[Msg] [0m[1;32mResource path get service on [[0m[1;32m/gazebo/resource_paths/get[0m[1;32m].[0m[1;32m[0m
[1;32m[Msg] [0m[1;32mResource path resolve service on [[0m[1;32m/gazebo/resource_paths/resolve[0m[1;32m].[0m[1;32m[0m
[1;32m[Msg] [0m[1;32mResource paths published on [[0m[1;32m/gazebo/resource_paths[0m[1;32m].[0m[1;32m[0m
[1;32m[Msg] [0m[1;32mServer control service on [[0m[1;32m/server_control[0m[1;32m].[0m[1;32m[0m
[1;32m[Msg] [0m[1;32mFound no publishers on /stats, adding root stats topic[0m[1;32m[0m
[1;32m[Msg] [0m[1;32mFound no publishers on /clock, adding root clock topic[0m[1;32m[0m
[1;36m[Dbg] [SimulationRunner.cc:551] [0m[1;36mCreating PostUpdate worker threads: [0m[1;36m1[0m[1;36m[0m
[1;36m[Dbg] [gz.cc:434] [0m[1;36mShutting down gz-sim-server[0m[1;36m[0m


layout=45007 run=2 seed=502417163
[1;32m[Msg] [0m[1;32mGazebo Sim Server v[0m[1;32m8.11.0[0m[1;32m[0m
[1;32m[Msg] [0m[1;32mSetting seed value: [0m[1;32m502417163[0m[1;32m[0m
[1;32m[Msg] [0m[1;32mLoading SDF world file[[0m[1;32m/work/com1/turtlebot4_project_mx046/mapex_lab/analysis/mx048_preflight_results/mx048_seed_probe.sdf[0m[1;32m].[0m
[1;32m[Msg] [0m[1;32mServing entity system service on [[0m[1;32m/[0m[1;32mentity/system/add[0m[1;32m][0m[1;32m[0m
[1;36m[Dbg] [Physics.cc:906] [0m[1;36mLoaded [[0m[1;36mgz::physics::dartsim::Plugin[0m[1;36m] from library [[0m[1;36m/opt/ros/jazzy/opt/gz_physics_vendor/lib/gz-physics-7/engine-plugins/libgz-physics-dartsim-plugin.so[0m[1;36m][0m[1;36m[0m
[1;36m[Dbg] [SystemManager.cc:80] [0m[1;36mLoaded system [[0m[1;36mgz::sim::systems::Physics[0m[1;36m] for entity [[0m[1;36m1[0m[1;36m][0m[1;36m[0m
[1;32m[Msg] [0m[1;32mLoaded level [[0m[1;32mdefault[0m[1;32m][0m[1;32m[0m
[1;32m[Msg] [0m[1;32mServing world controls on [[0m[1;32m/world/seed_probe[0m[1;32m/control], [[0m[1;32m/world/seed_probe[0m[1;32m/control/state] and [[0m[1;32m/world/seed_probe[0m[1;32m/playback/control][0m[1;32m[0m
[1;32m[Msg] [0m[1;32mServing GUI information on [[0m[1;32m/world/seed_probe[0m[1;32m/[0m[1;32mgui/info[0m[1;32m][0m[1;32m[0m
[1;32m[Msg] [0m[1;32mWorld [[0m[1;32mseed_probe[0m[1;32m] initialized with [[0m[1;32mdefault[0m[1;32m] physics profile.[0m[1;32m[0m
[1;32m[Msg] [0m[1;32mServing world SDF generation service on [[0m[1;32m/world/seed_probe[0m[1;32m/[0m[1;32mgenerate_world_sdf[0m[1;32m][0m[1;32m[0m
[1;32m[Msg] [0m[1;32mServing world names on [[0m[1;32m/gazebo/worlds[0m[1;32m][0m[1;32m[0m
[1;32m[Msg] [0m[1;32mResource path add service on [[0m[1;32m/gazebo/resource_paths/add[0m[1;32m].[0m[1;32m[0m
[1;32m[Msg] [0m[1;32mResource path get service on [[0m[1;32m/gazebo/resource_paths/get[0m[1;32m].[0m[1;32m[0m
[1;32m[Msg] [0m[1;32mResource path resolve service on [[0m[1;32m/gazebo/resource_paths/resolve[0m[1;32m].[0m[1;32m[0m
[1;32m[Msg] [0m[1;32mResource paths published on [[0m[1;32m/gazebo/resource_paths[0m[1;32m].[0m[1;32m[0m
[1;32m[Msg] [0m[1;32mServer control service on [[0m[1;32m/server_control[0m[1;32m].[0m[1;32m[0m
[1;32m[Msg] [0m[1;32mFound no publishers on /stats, adding root stats topic[0m[1;32m[0m
[1;32m[Msg] [0m[1;32mFound no publishers on /clock, adding root clock topic[0m[1;32m[0m
[1;36m[Dbg] [SimulationRunner.cc:551] [0m[1;36mCreating PostUpdate worker threads: [0m[1;36m1[0m[1;36m[0m
[1;36m[Dbg] [gz.cc:434] [0m[1;36mShutting down gz-sim-server[0m[1;36m[0m


layout=45008 run=1 seed=792255736
[1;32m[Msg] [0m[1;32mGazebo Sim Server v[0m[1;32m8.11.0[0m[1;32m[0m
[1;32m[Msg] [0m[1;32mSetting seed value: [0m[1;32m792255736[0m[1;32m[0m
[1;32m[Msg] [0m[1;32mLoading SDF world file[[0m[1;32m/work/com1/turtlebot4_project_mx046/mapex_lab/analysis/mx048_preflight_results/mx048_seed_probe.sdf[0m[1;32m].[0m
[1;32m[Msg] [0m[1;32mServing entity system service on [[0m[1;32m/[0m[1;32mentity/system/add[0m[1;32m][0m[1;32m[0m
[1;36m[Dbg] [Physics.cc:906] [0m[1;36mLoaded [[0m[1;36mgz::physics::dartsim::Plugin[0m[1;36m] from library [[0m[1;36m/opt/ros/jazzy/opt/gz_physics_vendor/lib/gz-physics-7/engine-plugins/libgz-physics-dartsim-plugin.so[0m[1;36m][0m[1;36m[0m
[1;36m[Dbg] [SystemManager.cc:80] [0m[1;36mLoaded system [[0m[1;36mgz::sim::systems::Physics[0m[1;36m] for entity [[0m[1;36m1[0m[1;36m][0m[1;36m[0m
[1;32m[Msg] [0m[1;32mLoaded level [[0m[1;32mdefault[0m[1;32m][0m[1;32m[0m
[1;32m[Msg] [0m[1;32mServing world controls on [[0m[1;32m/world/seed_probe[0m[1;32m/control], [[0m[1;32m/world/seed_probe[0m[1;32m/control/state] and [[0m[1;32m/world/seed_probe[0m[1;32m/playback/control][0m[1;32m[0m
[1;32m[Msg] [0m[1;32mServing GUI information on [[0m[1;32m/world/seed_probe[0m[1;32m/[0m[1;32mgui/info[0m[1;32m][0m[1;32m[0m
[1;32m[Msg] [0m[1;32mWorld [[0m[1;32mseed_probe[0m[1;32m] initialized with [[0m[1;32mdefault[0m[1;32m] physics profile.[0m[1;32m[0m
[1;32m[Msg] [0m[1;32mServing world SDF generation service on [[0m[1;32m/world/seed_probe[0m[1;32m/[0m[1;32mgenerate_world_sdf[0m[1;32m][0m[1;32m[0m
[1;32m[Msg] [0m[1;32mServing world names on [[0m[1;32m/gazebo/worlds[0m[1;32m][0m[1;32m[0m
[1;32m[Msg] [0m[1;32mResource path add service on [[0m[1;32m/gazebo/resource_paths/add[0m[1;32m].[0m[1;32m[0m
[1;32m[Msg] [0m[1;32mResource path get service on [[0m[1;32m/gazebo/resource_paths/get[0m[1;32m].[0m[1;32m[0m
[1;32m[Msg] [0m[1;32mResource path resolve service on [[0m[1;32m/gazebo/resource_paths/resolve[0m[1;32m].[0m[1;32m[0m
[1;32m[Msg] [0m[1;32mResource paths published on [[0m[1;32m/gazebo/resource_paths[0m[1;32m].[0m[1;32m[0m
[1;32m[Msg] [0m[1;32mServer control service on [[0m[1;32m/server_control[0m[1;32m].[0m[1;32m[0m
[1;32m[Msg] [0m[1;32mFound no publishers on /stats, adding root stats topic[0m[1;32m[0m
[1;32m[Msg] [0m[1;32mFound no publishers on /clock, adding root clock topic[0m[1;32m[0m
[1;36m[Dbg] [SimulationRunner.cc:551] [0m[1;36mCreating PostUpdate worker threads: [0m[1;36m1[0m[1;36m[0m
[1;36m[Dbg] [gz.cc:434] [0m[1;36mShutting down gz-sim-server[0m[1;36m[0m


layout=45008 run=2 seed=1187163120
[1;32m[Msg] [0m[1;32mGazebo Sim Server v[0m[1;32m8.11.0[0m[1;32m[0m
[1;32m[Msg] [0m[1;32mSetting seed value: [0m[1;32m1187163120[0m[1;32m[0m
[1;32m[Msg] [0m[1;32mLoading SDF world file[[0m[1;32m/work/com1/turtlebot4_project_mx046/mapex_lab/analysis/mx048_preflight_results/mx048_seed_probe.sdf[0m[1;32m].[0m
[1;32m[Msg] [0m[1;32mServing entity system service on [[0m[1;32m/[0m[1;32mentity/system/add[0m[1;32m][0m[1;32m[0m
[1;36m[Dbg] [Physics.cc:906] [0m[1;36mLoaded [[0m[1;36mgz::physics::dartsim::Plugin[0m[1;36m] from library [[0m[1;36m/opt/ros/jazzy/opt/gz_physics_vendor/lib/gz-physics-7/engine-plugins/libgz-physics-dartsim-plugin.so[0m[1;36m][0m[1;36m[0m
[1;36m[Dbg] [SystemManager.cc:80] [0m[1;36mLoaded system [[0m[1;36mgz::sim::systems::Physics[0m[1;36m] for entity [[0m[1;36m1[0m[1;36m][0m[1;36m[0m
[1;32m[Msg] [0m[1;32mLoaded level [[0m[1;32mdefault[0m[1;32m][0m[1;32m[0m
[1;32m[Msg] [0m[1;32mServing world controls on [[0m[1;32m/world/seed_probe[0m[1;32m/control], [[0m[1;32m/world/seed_probe[0m[1;32m/control/state] and [[0m[1;32m/world/seed_probe[0m[1;32m/playback/control][0m[1;32m[0m
[1;32m[Msg] [0m[1;32mServing GUI information on [[0m[1;32m/world/seed_probe[0m[1;32m/[0m[1;32mgui/info[0m[1;32m][0m[1;32m[0m
[1;32m[Msg] [0m[1;32mWorld [[0m[1;32mseed_probe[0m[1;32m] initialized with [[0m[1;32mdefault[0m[1;32m] physics profile.[0m[1;32m[0m
[1;32m[Msg] [0m[1;32mServing world SDF generation service on [[0m[1;32m/world/seed_probe[0m[1;32m/[0m[1;32mgenerate_world_sdf[0m[1;32m][0m[1;32m[0m
[1;32m[Msg] [0m[1;32mServing world names on [[0m[1;32m/gazebo/worlds[0m[1;32m][0m[1;32m[0m
[1;32m[Msg] [0m[1;32mResource path add service on [[0m[1;32m/gazebo/resource_paths/add[0m[1;32m].[0m[1;32m[0m
[1;32m[Msg] [0m[1;32mResource path get service on [[0m[1;32m/gazebo/resource_paths/get[0m[1;32m].[0m[1;32m[0m
[1;32m[Msg] [0m[1;32mResource path resolve service on [[0m[1;32m/gazebo/resource_paths/resolve[0m[1;32m].[0m[1;32m[0m
[1;32m[Msg] [0m[1;32mResource paths published on [[0m[1;32m/gazebo/resource_paths[0m[1;32m].[0m[1;32m[0m
[1;32m[Msg] [0m[1;32mServer control service on [[0m[1;32m/server_control[0m[1;32m].[0m[1;32m[0m
[1;32m[Msg] [0m[1;32mFound no publishers on /stats, adding root stats topic[0m[1;32m[0m
[1;32m[Msg] [0m[1;32mFound no publishers on /clock, adding root clock topic[0m[1;32m[0m
[1;36m[Dbg] [SimulationRunner.cc:551] [0m[1;36mCreating PostUpdate worker threads: [0m[1;36m1[0m[1;36m[0m
[1;36m[Dbg] [gz.cc:434] [0m[1;36mShutting down gz-sim-server[0m[1;36m[0m


layout=45009 run=1 seed=610942208
[1;32m[Msg] [0m[1;32mGazebo Sim Server v[0m[1;32m8.11.0[0m[1;32m[0m
[1;32m[Msg] [0m[1;32mSetting seed value: [0m[1;32m610942208[0m[1;32m[0m
[1;32m[Msg] [0m[1;32mLoading SDF world file[[0m[1;32m/work/com1/turtlebot4_project_mx046/mapex_lab/analysis/mx048_preflight_results/mx048_seed_probe.sdf[0m[1;32m].[0m
[1;32m[Msg] [0m[1;32mServing entity system service on [[0m[1;32m/[0m[1;32mentity/system/add[0m[1;32m][0m[1;32m[0m
[1;36m[Dbg] [Physics.cc:906] [0m[1;36mLoaded [[0m[1;36mgz::physics::dartsim::Plugin[0m[1;36m] from library [[0m[1;36m/opt/ros/jazzy/opt/gz_physics_vendor/lib/gz-physics-7/engine-plugins/libgz-physics-dartsim-plugin.so[0m[1;36m][0m[1;36m[0m
[1;36m[Dbg] [SystemManager.cc:80] [0m[1;36mLoaded system [[0m[1;36mgz::sim::systems::Physics[0m[1;36m] for entity [[0m[1;36m1[0m[1;36m][0m[1;36m[0m
[1;32m[Msg] [0m[1;32mLoaded level [[0m[1;32mdefault[0m[1;32m][0m[1;32m[0m
[1;32m[Msg] [0m[1;32mServing world controls on [[0m[1;32m/world/seed_probe[0m[1;32m/control], [[0m[1;32m/world/seed_probe[0m[1;32m/control/state] and [[0m[1;32m/world/seed_probe[0m[1;32m/playback/control][0m[1;32m[0m
[1;32m[Msg] [0m[1;32mServing GUI information on [[0m[1;32m/world/seed_probe[0m[1;32m/[0m[1;32mgui/info[0m[1;32m][0m[1;32m[0m
[1;32m[Msg] [0m[1;32mWorld [[0m[1;32mseed_probe[0m[1;32m] initialized with [[0m[1;32mdefault[0m[1;32m] physics profile.[0m[1;32m[0m
[1;32m[Msg] [0m[1;32mServing world SDF generation service on [[0m[1;32m/world/seed_probe[0m[1;32m/[0m[1;32mgenerate_world_sdf[0m[1;32m][0m[1;32m[0m
[1;32m[Msg] [0m[1;32mServing world names on [[0m[1;32m/gazebo/worlds[0m[1;32m][0m[1;32m[0m
[1;32m[Msg] [0m[1;32mResource path add service on [[0m[1;32m/gazebo/resource_paths/add[0m[1;32m].[0m[1;32m[0m
[1;32m[Msg] [0m[1;32mResource path get service on [[0m[1;32m/gazebo/resource_paths/get[0m[1;32m].[0m[1;32m[0m
[1;32m[Msg] [0m[1;32mResource path resolve service on [[0m[1;32m/gazebo/resource_paths/resolve[0m[1;32m].[0m[1;32m[0m
[1;32m[Msg] [0m[1;32mResource paths published on [[0m[1;32m/gazebo/resource_paths[0m[1;32m].[0m[1;32m[0m
[1;32m[Msg] [0m[1;32mServer control service on [[0m[1;32m/server_control[0m[1;32m].[0m[1;32m[0m
[1;32m[Msg] [0m[1;32mFound no publishers on /stats, adding root stats topic[0m[1;32m[0m
[1;32m[Msg] [0m[1;32mFound no publishers on /clock, adding root clock topic[0m[1;32m[0m
[1;36m[Dbg] [SimulationRunner.cc:551] [0m[1;36mCreating PostUpdate worker threads: [0m[1;36m1[0m[1;36m[0m
[1;36m[Dbg] [gz.cc:434] [0m[1;36mShutting down gz-sim-server[0m[1;36m[0m


layout=45009 run=2 seed=232260502
[1;32m[Msg] [0m[1;32mGazebo Sim Server v[0m[1;32m8.11.0[0m[1;32m[0m
[1;32m[Msg] [0m[1;32mSetting seed value: [0m[1;32m232260502[0m[1;32m[0m
[1;32m[Msg] [0m[1;32mLoading SDF world file[[0m[1;32m/work/com1/turtlebot4_project_mx046/mapex_lab/analysis/mx048_preflight_results/mx048_seed_probe.sdf[0m[1;32m].[0m
[1;32m[Msg] [0m[1;32mServing entity system service on [[0m[1;32m/[0m[1;32mentity/system/add[0m[1;32m][0m[1;32m[0m
[1;36m[Dbg] [Physics.cc:906] [0m[1;36mLoaded [[0m[1;36mgz::physics::dartsim::Plugin[0m[1;36m] from library [[0m[1;36m/opt/ros/jazzy/opt/gz_physics_vendor/lib/gz-physics-7/engine-plugins/libgz-physics-dartsim-plugin.so[0m[1;36m][0m[1;36m[0m
[1;36m[Dbg] [SystemManager.cc:80] [0m[1;36mLoaded system [[0m[1;36mgz::sim::systems::Physics[0m[1;36m] for entity [[0m[1;36m1[0m[1;36m][0m[1;36m[0m
[1;32m[Msg] [0m[1;32mLoaded level [[0m[1;32mdefault[0m[1;32m][0m[1;32m[0m
[1;32m[Msg] [0m[1;32mServing world controls on [[0m[1;32m/world/seed_probe[0m[1;32m/control], [[0m[1;32m/world/seed_probe[0m[1;32m/control/state] and [[0m[1;32m/world/seed_probe[0m[1;32m/playback/control][0m[1;32m[0m
[1;32m[Msg] [0m[1;32mServing GUI information on [[0m[1;32m/world/seed_probe[0m[1;32m/[0m[1;32mgui/info[0m[1;32m][0m[1;32m[0m
[1;32m[Msg] [0m[1;32mWorld [[0m[1;32mseed_probe[0m[1;32m] initialized with [[0m[1;32mdefault[0m[1;32m] physics profile.[0m[1;32m[0m
[1;32m[Msg] [0m[1;32mServing world SDF generation service on [[0m[1;32m/world/seed_probe[0m[1;32m/[0m[1;32mgenerate_world_sdf[0m[1;32m][0m[1;32m[0m
[1;32m[Msg] [0m[1;32mServing world names on [[0m[1;32m/gazebo/worlds[0m[1;32m][0m[1;32m[0m
[1;32m[Msg] [0m[1;32mResource path add service on [[0m[1;32m/gazebo/resource_paths/add[0m[1;32m].[0m[1;32m[0m
[1;32m[Msg] [0m[1;32mResource path get service on [[0m[1;32m/gazebo/resource_paths/get[0m[1;32m].[0m[1;32m[0m
[1;32m[Msg] [0m[1;32mResource path resolve service on [[0m[1;32m/gazebo/resource_paths/resolve[0m[1;32m].[0m[1;32m[0m
[1;32m[Msg] [0m[1;32mResource paths published on [[0m[1;32m/gazebo/resource_paths[0m[1;32m].[0m[1;32m[0m
[1;32m[Msg] [0m[1;32mServer control service on [[0m[1;32m/server_control[0m[1;32m].[0m[1;32m[0m
[1;32m[Msg] [0m[1;32mFound no publishers on /stats, adding root stats topic[0m[1;32m[0m
[1;32m[Msg] [0m[1;32mFound no publishers on /clock, adding root clock topic[0m[1;32m[0m
[1;36m[Dbg] [SimulationRunner.cc:551] [0m[1;36mCreating PostUpdate worker threads: [0m[1;36m1[0m[1;36m[0m
[1;36m[Dbg] [gz.cc:434] [0m[1;36mShutting down gz-sim-server[0m[1;36m[0m


layout=45010 run=1 seed=599573486
[1;32m[Msg] [0m[1;32mGazebo Sim Server v[0m[1;32m8.11.0[0m[1;32m[0m
[1;32m[Msg] [0m[1;32mSetting seed value: [0m[1;32m599573486[0m[1;32m[0m
[1;32m[Msg] [0m[1;32mLoading SDF world file[[0m[1;32m/work/com1/turtlebot4_project_mx046/mapex_lab/analysis/mx048_preflight_results/mx048_seed_probe.sdf[0m[1;32m].[0m
[1;32m[Msg] [0m[1;32mServing entity system service on [[0m[1;32m/[0m[1;32mentity/system/add[0m[1;32m][0m[1;32m[0m
[1;36m[Dbg] [Physics.cc:906] [0m[1;36mLoaded [[0m[1;36mgz::physics::dartsim::Plugin[0m[1;36m] from library [[0m[1;36m/opt/ros/jazzy/opt/gz_physics_vendor/lib/gz-physics-7/engine-plugins/libgz-physics-dartsim-plugin.so[0m[1;36m][0m[1;36m[0m
[1;36m[Dbg] [SystemManager.cc:80] [0m[1;36mLoaded system [[0m[1;36mgz::sim::systems::Physics[0m[1;36m] for entity [[0m[1;36m1[0m[1;36m][0m[1;36m[0m
[1;32m[Msg] [0m[1;32mLoaded level [[0m[1;32mdefault[0m[1;32m][0m[1;32m[0m
[1;32m[Msg] [0m[1;32mServing world controls on [[0m[1;32m/world/seed_probe[0m[1;32m/control], [[0m[1;32m/world/seed_probe[0m[1;32m/control/state] and [[0m[1;32m/world/seed_probe[0m[1;32m/playback/control][0m[1;32m[0m
[1;32m[Msg] [0m[1;32mServing GUI information on [[0m[1;32m/world/seed_probe[0m[1;32m/[0m[1;32mgui/info[0m[1;32m][0m[1;32m[0m
[1;32m[Msg] [0m[1;32mWorld [[0m[1;32mseed_probe[0m[1;32m] initialized with [[0m[1;32mdefault[0m[1;32m] physics profile.[0m[1;32m[0m
[1;32m[Msg] [0m[1;32mServing world SDF generation service on [[0m[1;32m/world/seed_probe[0m[1;32m/[0m[1;32mgenerate_world_sdf[0m[1;32m][0m[1;32m[0m
[1;32m[Msg] [0m[1;32mServing world names on [[0m[1;32m/gazebo/worlds[0m[1;32m][0m[1;32m[0m
[1;32m[Msg] [0m[1;32mResource path add service on [[0m[1;32m/gazebo/resource_paths/add[0m[1;32m].[0m[1;32m[0m
[1;32m[Msg] [0m[1;32mResource path get service on [[0m[1;32m/gazebo/resource_paths/get[0m[1;32m].[0m[1;32m[0m
[1;32m[Msg] [0m[1;32mResource path resolve service on [[0m[1;32m/gazebo/resource_paths/resolve[0m[1;32m].[0m[1;32m[0m
[1;32m[Msg] [0m[1;32mResource paths published on [[0m[1;32m/gazebo/resource_paths[0m[1;32m].[0m[1;32m[0m
[1;32m[Msg] [0m[1;32mServer control service on [[0m[1;32m/server_control[0m[1;32m].[0m[1;32m[0m
[1;32m[Msg] [0m[1;32mFound no publishers on /stats, adding root stats topic[0m[1;32m[0m
[1;32m[Msg] [0m[1;32mFound no publishers on /clock, adding root clock topic[0m[1;32m[0m
[1;36m[Dbg] [SimulationRunner.cc:551] [0m[1;36mCreating PostUpdate worker threads: [0m[1;36m1[0m[1;36m[0m
[1;36m[Dbg] [gz.cc:434] [0m[1;36mShutting down gz-sim-server[0m[1;36m[0m


layout=45010 run=2 seed=2134488762
[1;32m[Msg] [0m[1;32mGazebo Sim Server v[0m[1;32m8.11.0[0m[1;32m[0m
[1;32m[Msg] [0m[1;32mSetting seed value: [0m[1;32m2134488762[0m[1;32m[0m
[1;32m[Msg] [0m[1;32mLoading SDF world file[[0m[1;32m/work/com1/turtlebot4_project_mx046/mapex_lab/analysis/mx048_preflight_results/mx048_seed_probe.sdf[0m[1;32m].[0m
[1;32m[Msg] [0m[1;32mServing entity system service on [[0m[1;32m/[0m[1;32mentity/system/add[0m[1;32m][0m[1;32m[0m
[1;36m[Dbg] [Physics.cc:906] [0m[1;36mLoaded [[0m[1;36mgz::physics::dartsim::Plugin[0m[1;36m] from library [[0m[1;36m/opt/ros/jazzy/opt/gz_physics_vendor/lib/gz-physics-7/engine-plugins/libgz-physics-dartsim-plugin.so[0m[1;36m][0m[1;36m[0m
[1;36m[Dbg] [SystemManager.cc:80] [0m[1;36mLoaded system [[0m[1;36mgz::sim::systems::Physics[0m[1;36m] for entity [[0m[1;36m1[0m[1;36m][0m[1;36m[0m
[1;32m[Msg] [0m[1;32mLoaded level [[0m[1;32mdefault[0m[1;32m][0m[1;32m[0m
[1;32m[Msg] [0m[1;32mServing world controls on [[0m[1;32m/world/seed_probe[0m[1;32m/control], [[0m[1;32m/world/seed_probe[0m[1;32m/control/state] and [[0m[1;32m/world/seed_probe[0m[1;32m/playback/control][0m[1;32m[0m
[1;32m[Msg] [0m[1;32mServing GUI information on [[0m[1;32m/world/seed_probe[0m[1;32m/[0m[1;32mgui/info[0m[1;32m][0m[1;32m[0m
[1;32m[Msg] [0m[1;32mWorld [[0m[1;32mseed_probe[0m[1;32m] initialized with [[0m[1;32mdefault[0m[1;32m] physics profile.[0m[1;32m[0m
[1;32m[Msg] [0m[1;32mServing world SDF generation service on [[0m[1;32m/world/seed_probe[0m[1;32m/[0m[1;32mgenerate_world_sdf[0m[1;32m][0m[1;32m[0m
[1;32m[Msg] [0m[1;32mServing world names on [[0m[1;32m/gazebo/worlds[0m[1;32m][0m[1;32m[0m
[1;32m[Msg] [0m[1;32mResource path add service on [[0m[1;32m/gazebo/resource_paths/add[0m[1;32m].[0m[1;32m[0m
[1;32m[Msg] [0m[1;32mResource path get service on [[0m[1;32m/gazebo/resource_paths/get[0m[1;32m].[0m[1;32m[0m
[1;32m[Msg] [0m[1;32mResource path resolve service on [[0m[1;32m/gazebo/resource_paths/resolve[0m[1;32m].[0m[1;32m[0m
[1;32m[Msg] [0m[1;32mResource paths published on [[0m[1;32m/gazebo/resource_paths[0m[1;32m].[0m[1;32m[0m
[1;32m[Msg] [0m[1;32mServer control service on [[0m[1;32m/server_control[0m[1;32m].[0m[1;32m[0m
[1;32m[Msg] [0m[1;32mFound no publishers on /stats, adding root stats topic[0m[1;32m[0m
[1;32m[Msg] [0m[1;32mFound no publishers on /clock, adding root clock topic[0m[1;32m[0m
[1;36m[Dbg] [SimulationRunner.cc:551] [0m[1;36mCreating PostUpdate worker threads: [0m[1;36m1[0m[1;36m[0m
[1;36m[Dbg] [gz.cc:434] [0m[1;36mShutting down gz-sim-server[0m[1;36m[0m


layout=45011 run=1 seed=1317422032
[1;32m[Msg] [0m[1;32mGazebo Sim Server v[0m[1;32m8.11.0[0m[1;32m[0m
[1;32m[Msg] [0m[1;32mSetting seed value: [0m[1;32m1317422032[0m[1;32m[0m
[1;32m[Msg] [0m[1;32mLoading SDF world file[[0m[1;32m/work/com1/turtlebot4_project_mx046/mapex_lab/analysis/mx048_preflight_results/mx048_seed_probe.sdf[0m[1;32m].[0m
[1;32m[Msg] [0m[1;32mServing entity system service on [[0m[1;32m/[0m[1;32mentity/system/add[0m[1;32m][0m[1;32m[0m
[1;36m[Dbg] [Physics.cc:906] [0m[1;36mLoaded [[0m[1;36mgz::physics::dartsim::Plugin[0m[1;36m] from library [[0m[1;36m/opt/ros/jazzy/opt/gz_physics_vendor/lib/gz-physics-7/engine-plugins/libgz-physics-dartsim-plugin.so[0m[1;36m][0m[1;36m[0m
[1;36m[Dbg] [SystemManager.cc:80] [0m[1;36mLoaded system [[0m[1;36mgz::sim::systems::Physics[0m[1;36m] for entity [[0m[1;36m1[0m[1;36m][0m[1;36m[0m
[1;32m[Msg] [0m[1;32mLoaded level [[0m[1;32mdefault[0m[1;32m][0m[1;32m[0m
[1;32m[Msg] [0m[1;32mServing world controls on [[0m[1;32m/world/seed_probe[0m[1;32m/control], [[0m[1;32m/world/seed_probe[0m[1;32m/control/state] and [[0m[1;32m/world/seed_probe[0m[1;32m/playback/control][0m[1;32m[0m
[1;32m[Msg] [0m[1;32mServing GUI information on [[0m[1;32m/world/seed_probe[0m[1;32m/[0m[1;32mgui/info[0m[1;32m][0m[1;32m[0m
[1;32m[Msg] [0m[1;32mWorld [[0m[1;32mseed_probe[0m[1;32m] initialized with [[0m[1;32mdefault[0m[1;32m] physics profile.[0m[1;32m[0m
[1;32m[Msg] [0m[1;32mServing world SDF generation service on [[0m[1;32m/world/seed_probe[0m[1;32m/[0m[1;32mgenerate_world_sdf[0m[1;32m][0m[1;32m[0m
[1;32m[Msg] [0m[1;32mServing world names on [[0m[1;32m/gazebo/worlds[0m[1;32m][0m[1;32m[0m
[1;32m[Msg] [0m[1;32mResource path add service on [[0m[1;32m/gazebo/resource_paths/add[0m[1;32m].[0m[1;32m[0m
[1;32m[Msg] [0m[1;32mResource path get service on [[0m[1;32m/gazebo/resource_paths/get[0m[1;32m].[0m[1;32m[0m
[1;32m[Msg] [0m[1;32mResource path resolve service on [[0m[1;32m/gazebo/resource_paths/resolve[0m[1;32m].[0m[1;32m[0m
[1;32m[Msg] [0m[1;32mResource paths published on [[0m[1;32m/gazebo/resource_paths[0m[1;32m].[0m[1;32m[0m
[1;32m[Msg] [0m[1;32mServer control service on [[0m[1;32m/server_control[0m[1;32m].[0m[1;32m[0m
[1;32m[Msg] [0m[1;32mFound no publishers on /stats, adding root stats topic[0m[1;32m[0m
[1;32m[Msg] [0m[1;32mFound no publishers on /clock, adding root clock topic[0m[1;32m[0m
[1;36m[Dbg] [SimulationRunner.cc:551] [0m[1;36mCreating PostUpdate worker threads: [0m[1;36m1[0m[1;36m[0m
[1;36m[Dbg] [gz.cc:434] [0m[1;36mShutting down gz-sim-server[0m[1;36m[0m


layout=45011 run=2 seed=960833080
[1;32m[Msg] [0m[1;32mGazebo Sim Server v[0m[1;32m8.11.0[0m[1;32m[0m
[1;32m[Msg] [0m[1;32mSetting seed value: [0m[1;32m960833080[0m[1;32m[0m
[1;32m[Msg] [0m[1;32mLoading SDF world file[[0m[1;32m/work/com1/turtlebot4_project_mx046/mapex_lab/analysis/mx048_preflight_results/mx048_seed_probe.sdf[0m[1;32m].[0m
[1;32m[Msg] [0m[1;32mServing entity system service on [[0m[1;32m/[0m[1;32mentity/system/add[0m[1;32m][0m[1;32m[0m
[1;36m[Dbg] [Physics.cc:906] [0m[1;36mLoaded [[0m[1;36mgz::physics::dartsim::Plugin[0m[1;36m] from library [[0m[1;36m/opt/ros/jazzy/opt/gz_physics_vendor/lib/gz-physics-7/engine-plugins/libgz-physics-dartsim-plugin.so[0m[1;36m][0m[1;36m[0m
[1;36m[Dbg] [SystemManager.cc:80] [0m[1;36mLoaded system [[0m[1;36mgz::sim::systems::Physics[0m[1;36m] for entity [[0m[1;36m1[0m[1;36m][0m[1;36m[0m
[1;32m[Msg] [0m[1;32mLoaded level [[0m[1;32mdefault[0m[1;32m][0m[1;32m[0m
[1;32m[Msg] [0m[1;32mServing world controls on [[0m[1;32m/world/seed_probe[0m[1;32m/control], [[0m[1;32m/world/seed_probe[0m[1;32m/control/state] and [[0m[1;32m/world/seed_probe[0m[1;32m/playback/control][0m[1;32m[0m
[1;32m[Msg] [0m[1;32mServing GUI information on [[0m[1;32m/world/seed_probe[0m[1;32m/[0m[1;32mgui/info[0m[1;32m][0m[1;32m[0m
[1;32m[Msg] [0m[1;32mWorld [[0m[1;32mseed_probe[0m[1;32m] initialized with [[0m[1;32mdefault[0m[1;32m] physics profile.[0m[1;32m[0m
[1;32m[Msg] [0m[1;32mServing world SDF generation service on [[0m[1;32m/world/seed_probe[0m[1;32m/[0m[1;32mgenerate_world_sdf[0m[1;32m][0m[1;32m[0m
[1;32m[Msg] [0m[1;32mServing world names on [[0m[1;32m/gazebo/worlds[0m[1;32m][0m[1;32m[0m
[1;32m[Msg] [0m[1;32mResource path add service on [[0m[1;32m/gazebo/resource_paths/add[0m[1;32m].[0m[1;32m[0m
[1;32m[Msg] [0m[1;32mResource path get service on [[0m[1;32m/gazebo/resource_paths/get[0m[1;32m].[0m[1;32m[0m
[1;32m[Msg] [0m[1;32mResource path resolve service on [[0m[1;32m/gazebo/resource_paths/resolve[0m[1;32m].[0m[1;32m[0m
[1;32m[Msg] [0m[1;32mResource paths published on [[0m[1;32m/gazebo/resource_paths[0m[1;32m].[0m[1;32m[0m
[1;32m[Msg] [0m[1;32mServer control service on [[0m[1;32m/server_control[0m[1;32m].[0m[1;32m[0m
[1;32m[Msg] [0m[1;32mFound no publishers on /stats, adding root stats topic[0m[1;32m[0m
[1;32m[Msg] [0m[1;32mFound no publishers on /clock, adding root clock topic[0m[1;32m[0m
[1;36m[Dbg] [SimulationRunner.cc:551] [0m[1;36mCreating PostUpdate worker threads: [0m[1;36m1[0m[1;36m[0m
[1;36m[Dbg] [gz.cc:434] [0m[1;36mShutting down gz-sim-server[0m[1;36m[0m


layout=45012 run=1 seed=2007015339
[1;32m[Msg] [0m[1;32mGazebo Sim Server v[0m[1;32m8.11.0[0m[1;32m[0m
[1;32m[Msg] [0m[1;32mSetting seed value: [0m[1;32m2007015339[0m[1;32m[0m
[1;32m[Msg] [0m[1;32mLoading SDF world file[[0m[1;32m/work/com1/turtlebot4_project_mx046/mapex_lab/analysis/mx048_preflight_results/mx048_seed_probe.sdf[0m[1;32m].[0m
[1;32m[Msg] [0m[1;32mServing entity system service on [[0m[1;32m/[0m[1;32mentity/system/add[0m[1;32m][0m[1;32m[0m
[1;36m[Dbg] [Physics.cc:906] [0m[1;36mLoaded [[0m[1;36mgz::physics::dartsim::Plugin[0m[1;36m] from library [[0m[1;36m/opt/ros/jazzy/opt/gz_physics_vendor/lib/gz-physics-7/engine-plugins/libgz-physics-dartsim-plugin.so[0m[1;36m][0m[1;36m[0m
[1;36m[Dbg] [SystemManager.cc:80] [0m[1;36mLoaded system [[0m[1;36mgz::sim::systems::Physics[0m[1;36m] for entity [[0m[1;36m1[0m[1;36m][0m[1;36m[0m
[1;32m[Msg] [0m[1;32mLoaded level [[0m[1;32mdefault[0m[1;32m][0m[1;32m[0m
[1;32m[Msg] [0m[1;32mServing world controls on [[0m[1;32m/world/seed_probe[0m[1;32m/control], [[0m[1;32m/world/seed_probe[0m[1;32m/control/state] and [[0m[1;32m/world/seed_probe[0m[1;32m/playback/control][0m[1;32m[0m
[1;32m[Msg] [0m[1;32mServing GUI information on [[0m[1;32m/world/seed_probe[0m[1;32m/[0m[1;32mgui/info[0m[1;32m][0m[1;32m[0m
[1;32m[Msg] [0m[1;32mWorld [[0m[1;32mseed_probe[0m[1;32m] initialized with [[0m[1;32mdefault[0m[1;32m] physics profile.[0m[1;32m[0m
[1;32m[Msg] [0m[1;32mServing world SDF generation service on [[0m[1;32m/world/seed_probe[0m[1;32m/[0m[1;32mgenerate_world_sdf[0m[1;32m][0m[1;32m[0m
[1;32m[Msg] [0m[1;32mServing world names on [[0m[1;32m/gazebo/worlds[0m[1;32m][0m[1;32m[0m
[1;32m[Msg] [0m[1;32mResource path add service on [[0m[1;32m/gazebo/resource_paths/add[0m[1;32m].[0m[1;32m[0m
[1;32m[Msg] [0m[1;32mResource path get service on [[0m[1;32m/gazebo/resource_paths/get[0m[1;32m].[0m[1;32m[0m
[1;32m[Msg] [0m[1;32mResource path resolve service on [[0m[1;32m/gazebo/resource_paths/resolve[0m[1;32m].[0m[1;32m[0m
[1;32m[Msg] [0m[1;32mResource paths published on [[0m[1;32m/gazebo/resource_paths[0m[1;32m].[0m[1;32m[0m
[1;32m[Msg] [0m[1;32mServer control service on [[0m[1;32m/server_control[0m[1;32m].[0m[1;32m[0m
[1;32m[Msg] [0m[1;32mFound no publishers on /stats, adding root stats topic[0m[1;32m[0m
[1;32m[Msg] [0m[1;32mFound no publishers on /clock, adding root clock topic[0m[1;32m[0m
[1;36m[Dbg] [SimulationRunner.cc:551] [0m[1;36mCreating PostUpdate worker threads: [0m[1;36m1[0m[1;36m[0m
[1;36m[Dbg] [gz.cc:434] [0m[1;36mShutting down gz-sim-server[0m[1;36m[0m


layout=45012 run=2 seed=1384379494
[1;32m[Msg] [0m[1;32mGazebo Sim Server v[0m[1;32m8.11.0[0m[1;32m[0m
[1;32m[Msg] [0m[1;32mSetting seed value: [0m[1;32m1384379494[0m[1;32m[0m
[1;32m[Msg] [0m[1;32mLoading SDF world file[[0m[1;32m/work/com1/turtlebot4_project_mx046/mapex_lab/analysis/mx048_preflight_results/mx048_seed_probe.sdf[0m[1;32m].[0m
[1;32m[Msg] [0m[1;32mServing entity system service on [[0m[1;32m/[0m[1;32mentity/system/add[0m[1;32m][0m[1;32m[0m
[1;36m[Dbg] [Physics.cc:906] [0m[1;36mLoaded [[0m[1;36mgz::physics::dartsim::Plugin[0m[1;36m] from library [[0m[1;36m/opt/ros/jazzy/opt/gz_physics_vendor/lib/gz-physics-7/engine-plugins/libgz-physics-dartsim-plugin.so[0m[1;36m][0m[1;36m[0m
[1;36m[Dbg] [SystemManager.cc:80] [0m[1;36mLoaded system [[0m[1;36mgz::sim::systems::Physics[0m[1;36m] for entity [[0m[1;36m1[0m[1;36m][0m[1;36m[0m
[1;32m[Msg] [0m[1;32mLoaded level [[0m[1;32mdefault[0m[1;32m][0m[1;32m[0m
[1;32m[Msg] [0m[1;32mServing world controls on [[0m[1;32m/world/seed_probe[0m[1;32m/control], [[0m[1;32m/world/seed_probe[0m[1;32m/control/state] and [[0m[1;32m/world/seed_probe[0m[1;32m/playback/control][0m[1;32m[0m
[1;32m[Msg] [0m[1;32mServing GUI information on [[0m[1;32m/world/seed_probe[0m[1;32m/[0m[1;32mgui/info[0m[1;32m][0m[1;32m[0m
[1;32m[Msg] [0m[1;32mWorld [[0m[1;32mseed_probe[0m[1;32m] initialized with [[0m[1;32mdefault[0m[1;32m] physics profile.[0m[1;32m[0m
[1;32m[Msg] [0m[1;32mServing world SDF generation service on [[0m[1;32m/world/seed_probe[0m[1;32m/[0m[1;32mgenerate_world_sdf[0m[1;32m][0m[1;32m[0m
[1;32m[Msg] [0m[1;32mServing world names on [[0m[1;32m/gazebo/worlds[0m[1;32m][0m[1;32m[0m
[1;32m[Msg] [0m[1;32mResource path add service on [[0m[1;32m/gazebo/resource_paths/add[0m[1;32m].[0m[1;32m[0m
[1;32m[Msg] [0m[1;32mResource path get service on [[0m[1;32m/gazebo/resource_paths/get[0m[1;32m].[0m[1;32m[0m
[1;32m[Msg] [0m[1;32mResource path resolve service on [[0m[1;32m/gazebo/resource_paths/resolve[0m[1;32m].[0m[1;32m[0m
[1;32m[Msg] [0m[1;32mResource paths published on [[0m[1;32m/gazebo/resource_paths[0m[1;32m].[0m[1;32m[0m
[1;32m[Msg] [0m[1;32mServer control service on [[0m[1;32m/server_control[0m[1;32m].[0m[1;32m[0m
[1;32m[Msg] [0m[1;32mFound no publishers on /stats, adding root stats topic[0m[1;32m[0m
[1;32m[Msg] [0m[1;32mFound no publishers on /clock, adding root clock topic[0m[1;32m[0m
[1;36m[Dbg] [SimulationRunner.cc:551] [0m[1;36mCreating PostUpdate worker threads: [0m[1;36m1[0m[1;36m[0m
[1;36m[Dbg] [gz.cc:434] [0m[1;36mShutting down gz-sim-server[0m[1;36m[0m

